ARM Linker, 4.1 [Build 894] [Evaluation]

==============================================================================

Section Cross References

    lpc2400.o(STACK) refers (Special) to heapauxi.o(.text) for __use_two_region_memory
    lpc2400.o(HEAP) refers (Special) to heapauxi.o(.text) for __use_two_region_memory
    lpc2400.o(RESET) refers (Special) to heapauxi.o(.text) for __use_two_region_memory
    lpc2400.o(RESET) refers to lpc2400.o(STACK) for Stack_Top
    lpc2400.o(RESET) refers to __main.o(!!!main) for __main
    lpc2400.o(.text) refers (Special) to heapauxi.o(.text) for __use_two_region_memory
    lpc2400.o(.text) refers to lpc2400.o(HEAP) for Heap_Mem
    lpc2400.o(.text) refers to lpc2400.o(STACK) for Stack_Mem
    master_controller.o(.text) refers to system_init.o(.text) for init_pll
    master_controller.o(.text) refers to lcd_main.o(.text) for init_lcd
    master_controller.o(.text) refers to speed_limit.o(.text) for init_vel_limit_data
    master_controller.o(.text) refers to touch.o(.text) for touch_init
    master_controller.o(.text) refers to aeabi_memset.o(.text) for __aeabi_memset
    master_controller.o(.text) refers to system_timer.o(.text) for start_master_isr
    master_controller.o(.text) refers to diagnostics.o(.text) for check_diag_conditions
    master_controller.o(.text) refers to master_controller.o(.bss) for light_rail
    fixed_point_pid.o(.text) refers to frleqf.o(x$fpl$frleqf) for __aeabi_cfrcmple
    fixed_point_pid.o(.text) refers to fleqf.o(x$fpl$fleqf) for __aeabi_cfcmple
    fixed_point_pid.o(.text) refers to fmul.o(x$fpl$fmul) for __aeabi_fmul
    fixed_point_pid.o(.text) refers to ffixu.o(x$fpl$ffixu) for __aeabi_f2uiz
    fixed_point_pid.o(.text) refers to feqf.o(x$fpl$feqf) for __aeabi_cfcmpeq
    fixed_point_pid.o(.text) refers to aeabi_memset.o(.text) for __aeabi_memset
    fixed_point_pid.o(.text) refers to rt_memcpy_w.o(.text) for __aeabi_memcpy4
    motion_controller.o(.text) refers to system_timer.o(.text) for delay_timer2
    motion_controller.o(.text) refers to rand.o(.emb_text) for rand
    motion_controller.o(.text) refers to system_init.o(.text) for spi_write
    motion_controller.o(.text) refers to fixed_point_pid.o(.text) for init_controller
    motion_controller.o(.text) refers to rt_memcpy_w.o(.text) for __aeabi_memcpy4
    motion_controller.o(.text) refers to speed_limit.o(.text) for get_vel_limit_data
    motion_controller.o(.text) refers to motion_controller.o(.data) for result
    motion_controller.o(.text) refers to master_controller.o(.bss) for light_rail
    motion_controller.o(.text) refers to motion_controller.o(.bss) for pi_controller
    speed_limit.o(.text) refers to speed_limit.o(.bss) for speed_limit_data
    system_init.o(.text) refers to system_timer.o(.text) for init_timer2
    system_timer.o(.text) refers to motion_controller.o(.text) for run_controller
    system_timer.o(.text) refers to touch_screen_read.o(.text) for touch_screen_press
    system_timer.o(.text) refers to lcd_main.o(.text) for lcd_run
    system_timer.o(.text) refers to access_data.o(.text) for store_data
    system_timer.o(.text) refers to master_controller.o(.bss) for light_rail
    diagnostics.o(.text) refers to spi_mmc.o(.text) for mmc_init
    diagnostics.o(.text) refers to system_init.o(.text) for spi_read
    diagnostics.o(.text) refers to spi_mmc.o(.bss) for MMCRDData
    diagnostics.o(.text) refers to master_controller.o(.bss) for light_rail
    spi_mmc.o(.text) refers to system_init.o(.text) for spi_read
    spi_mmc.o(.text) refers to diagnostics.o(.text) for spi_write_block
    spi_mmc.o(.text) refers to spi_mmc.o(.bss) for MMCWRData
    spi_mmc.o(.text) refers to spi_mmc.o(.data) for MMCStatus
    button_press.o(.text) refers to aeabi_sdiv.o(.text) for __aeabi_idivmod
    button_press.o(.text) refers to master_controller.o(.bss) for light_rail
    touch_screen_read.o(.text) refers to aeabi_sdiv.o(.text) for __aeabi_idivmod
    touch_screen_read.o(.text) refers to dflt_noclz.o(x$fpl$dflt) for __aeabi_i2d
    touch_screen_read.o(.text) refers to daddsub_noclz.o(x$fpl$dsub) for __aeabi_dsub
    touch_screen_read.o(.text) refers to dflt_noclz.o(x$fpl$dfltu) for __aeabi_ui2d
    touch_screen_read.o(.text) refers to ddiv.o(x$fpl$ddiv) for __aeabi_ddiv
    touch_screen_read.o(.text) refers to dmul.o(x$fpl$dmul) for __aeabi_dmul
    touch_screen_read.o(.text) refers to dfixu.o(x$fpl$dfixu) for __aeabi_d2uiz
    touch_screen_read.o(.text) refers to touch.o(.text) for touch_read_xy
    touch_screen_read.o(.text) refers to button_press.o(.text) for press_button
    lcd_grph.o(.text) refers to rt_memcpy.o(.text) for __aeabi_memcpy
    lcd_grph.o(.text) refers to aeabi_sdiv.o(.text) for __aeabi_idivmod
    lcd_grph.o(.text) refers to font5x7.o(.constdata) for font5x7
    lcd_grph.o(.text) refers to lcd_grph.o(.constdata) for font_mask
    lcd_grph.o(.text) refers to lcd_grph.o(.data) for backgroundColor
[...]
    sdram.o(.text) refers to delay.o(.text) for mdelay
    access_data.o(.text) refers to data_management.o(store_data) for store
    access_data.o(.text) refers to master_controller.o(.bss) for light_rail
    exception_vector_table.o(DATA) refers to swi_handler.o(HANDLER) for SWI_Handler
    rand.o(.emb_text) refers (Special) to libinit2.o(.ARM.Collect$$libinit$$00000009) for __rt_lib_init_rand_2
    rand.o(.emb_text) refers to rand.o(.text) for _rand_init
    rand.o(.emb_text) refers to rand.o(.bss) for _random_number_data
    rand.o(.text) refers (Special) to libinit2.o(.ARM.Collect$$libinit$$00000009) for __rt_lib_init_rand_2
    rand.o(.text) refers to rand.o(.bss) for .bss
    rand.o(.bss) refers (Special) to libinit2.o(.ARM.Collect$$libinit$$00000009) for __rt_lib_init_rand_2
    rt_memcpy.o(.text) refers to rt_memcpy_w.o(.text) for __aeabi_memcpy4
    aeabi_memset.o(.text) refers to rt_memclr.o(.text) for _memset
    aeabi_sdiv.o(.text_udiv) refers to aeabi_sdiv.o(.text) for __arm_div2
    aeabi_sdiv_div0.o(.text_udiv) refers to aeabi_sdiv_div0.o(.text) for __arm_div2
    __main.o(!!!main) refers to rtentry.o(.ARM.Collect$$rtentry$$00000000) for __rt_entry
    daddsub_noclz.o(x$fpl$dadd) refers (Special) to usenofp.o(x$fpl$usenofp) for __I$use$fp
    daddsub_noclz.o(x$fpl$dadd) refers to daddsub_noclz.o(x$fpl$dsub) for _dsub1
    daddsub_noclz.o(x$fpl$dadd) refers to dretinf.o(x$fpl$dretinf) for __fpl_dretinf
    daddsub_noclz.o(x$fpl$dadd) refers to dnaninf.o(x$fpl$dnaninf) for __fpl_dnaninf
    daddsub_noclz.o(x$fpl$drsb) refers (Special) to usenofp.o(x$fpl$usenofp) for __I$use$fp
    daddsub_noclz.o(x$fpl$drsb) refers to daddsub_noclz.o(x$fpl$dadd) for _dadd1
    daddsub_noclz.o(x$fpl$drsb) refers to daddsub_noclz.o(x$fpl$dsub) for _dsub1
    daddsub_noclz.o(x$fpl$dsub) refers (Special) to usenofp.o(x$fpl$usenofp) for __I$use$fp
    daddsub_noclz.o(x$fpl$dsub) refers to daddsub_noclz.o(x$fpl$dadd) for _dadd1
    daddsub_noclz.o(x$fpl$dsub) refers to dnaninf.o(x$fpl$dnaninf) for __fpl_dnaninf
    ddiv.o(x$fpl$drdiv) refers (Special) to usenofp.o(x$fpl$usenofp) for __I$use$fp
    ddiv.o(x$fpl$drdiv) refers to ddiv.o(x$fpl$ddiv) for ddiv_entry
    ddiv.o(x$fpl$ddiv) refers (Special) to usenofp.o(x$fpl$usenofp) for __I$use$fp
    ddiv.o(x$fpl$ddiv) refers to dretinf.o(x$fpl$dretinf) for __fpl_dretinf
    ddiv.o(x$fpl$ddiv) refers to dnaninf.o(x$fpl$dnaninf) for __fpl_dnaninf
    dfix.o(x$fpl$dfix) refers (Special) to usenofp.o(x$fpl$usenofp) for __I$use$fp
    dfix.o(x$fpl$dfix) refers to dnaninf.o(x$fpl$dnaninf) for __fpl_dnaninf
    dfix.o(x$fpl$dfixr) refers (Special) to usenofp.o(x$fpl$usenofp) for __I$use$fp
    dfix.o(x$fpl$dfixr) refers to dnaninf.o(x$fpl$dnaninf) for __fpl_dnaninf
    dfixu.o(x$fpl$dfixu) refers (Special) to usenofp.o(x$fpl$usenofp) for __I$use$fp
    dfixu.o(x$fpl$dfixu) refers to dnaninf.o(x$fpl$dnaninf) for __fpl_dnaninf
    dfixu.o(x$fpl$dfixur) refers (Special) to usenofp.o(x$fpl$usenofp) for __I$use$fp
    dfixu.o(x$fpl$dfixur) refers to dnaninf.o(x$fpl$dnaninf) for __fpl_dnaninf
    dflt_noclz.o(x$fpl$dfltu) refers (Special) to usenofp.o(x$fpl$usenofp) for __I$use$fp
    dflt_noclz.o(x$fpl$dfltu) refers to dflt_noclz.o(x$fpl$dflt) for __dflt_normalise
    dflt_noclz.o(x$fpl$dflt) refers (Special) to usenofp.o(x$fpl$usenofp) for __I$use$fp
    dmul.o(x$fpl$dmul) refers (Special) to usenofp.o(x$fpl$usenofp) for __I$use$fp
    dmul.o(x$fpl$dmul) refers to dretinf.o(x$fpl$dretinf) for __fpl_dretinf
    dmul.o(x$fpl$dmul) refers to dnaninf.o(x$fpl$dnaninf) for __fpl_dnaninf
    feqf.o(x$fpl$feqf) refers (Special) to usenofp.o(x$fpl$usenofp) for __I$use$fp
    feqf.o(x$fpl$feqf) refers to fnaninf.o(x$fpl$fnaninf) for __fpl_fnaninf
    feqf.o(x$fpl$feqf) refers to fcmpi.o(x$fpl$fcmpinf) for __fpl_fcmp_Inf
    ffixu.o(x$fpl$ffixu) refers (Special) to usenofp.o(x$fpl$usenofp) for __I$use$fp
    ffixu.o(x$fpl$ffixu) refers to fnaninf.o(x$fpl$fnaninf) for __fpl_fnaninf
    ffixu.o(x$fpl$ffixur) refers (Special) to usenofp.o(x$fpl$usenofp) for __I$use$fp
    ffixu.o(x$fpl$ffixur) refers to fnaninf.o(x$fpl$fnaninf) for __fpl_fnaninf
    fleqf.o(x$fpl$fleqf) refers (Special) to usenofp.o(x$fpl$usenofp) for __I$use$fp
    fleqf.o(x$fpl$fleqf) refers to fnaninf.o(x$fpl$fnaninf) for __fpl_fnaninf
    fleqf.o(x$fpl$fleqf) refers to fcmpi.o(x$fpl$fcmpinf) for __fpl_fcmp_Inf
    fmul.o(x$fpl$fmul) refers (Special) to usenofp.o(x$fpl$usenofp) for __I$use$fp
    fmul.o(x$fpl$fmul) refers to fretinf.o(x$fpl$fretinf) for __fpl_fretinf
    fmul.o(x$fpl$fmul) refers to fnaninf.o(x$fpl$fnaninf) for __fpl_fnaninf
    frleqf.o(x$fpl$frleqf) refers (Special) to usenofp.o(x$fpl$usenofp) for __I$use$fp
    frleqf.o(x$fpl$frleqf) refers to fleqf.o(x$fpl$fleqf) for __fpl_fcmple_InfNaN
    rtentry.o(.ARM.Collect$$rtentry$$00000000) refers (Special) to rtentry2.o(.ARM.Collect$$rtentry$$0000000A) for __rt_entry_li
    rtentry.o(.ARM.Collect$$rtentry$$00000000) refers (Special) to rtentry2.o(.ARM.Collect$$rtentry$$0000000D) for __rt_entry_main
    rtentry.o(.ARM.Collect$$rtentry$$00000000) refers (Special) to rtentry2.o(.ARM.Collect$$rtentry$$0000000C) for __rt_entry_postli_1
    rtentry.o(.ARM.Collect$$rtentry$$00000000) refers (Special) to rtentry2.o(.ARM.Collect$$rtentry$$00000009) for __rt_entry_postsh_1
    rtentry.o(.ARM.Collect$$rtentry$$00000000) refers (Special) to rtentry2.o(.ARM.Collect$$rtentry$$00000002) for __rt_entry_presh_1
    rtentry.o(.ARM.Collect$$rtentry$$00000000) refers (Special) to rtentry4.o(.ARM.Collect$$rtentry$$00000004) for __rt_entry_sh
    aeabi_idiv0_sigfpe.o(.text) refers to rt_div0.o(.text) for __rt_div0
    rt_memclr.o(.text) refers to rt_memclr_w.o(.text) for _memset_w
    libinit2.o(.ARM.Collect$$libinit$$00000009) refers (Weak) to rand.o(.text) for _rand_init
    libinit2.o(.ARM.Collect$$libinit$$0000000C) refers to libinit2.o(.ARM.Collect$$libinit$$0000000B) for .ARM.Collect$$libinit$$0000000B
    libinit2.o(.ARM.Collect$$libinit$$0000000E) refers to libinit2.o(.ARM.Collect$$libinit$$0000000B) for .ARM.Collect$$libinit$$0000000B
    libinit2.o(.ARM.Collect$$libinit$$00000010) refers to libinit2.o(.ARM.Collect$$libinit$$0000000B) for .ARM.Collect$$libinit$$0000000B
    libinit2.o(.ARM.Collect$$libinit$$00000012) refers to libinit2.o(.ARM.Collect$$libinit$$0000000B) for .ARM.Collect$$libinit$$0000000B
    libinit2.o(.ARM.Collect$$libinit$$00000014) refers to libinit2.o(.ARM.Collect$$libinit$$0000000B) for .ARM.Collect$$libinit$$0000000B
    libinit2.o(.ARM.Collect$$libinit$$00000022) refers to argv_veneer.o(.emb_text) for __ARM_argv_veneer
    libinit2.o(.ARM.Collect$$libinit$$00000023) refers to argv_veneer.o(.emb_text) for __ARM_argv_veneer
    dnaninf.o(x$fpl$dnaninf) refers (Special) to usenofp.o(x$fpl$usenofp) for __I$use$fp
    dretinf.o(x$fpl$dretinf) refers (Special) to usenofp.o(x$fpl$usenofp) for __I$use$fp
    fcmpi.o(x$fpl$fcmpinf) refers (Special) to usenofp.o(x$fpl$usenofp) for __I$use$fp
    fnaninf.o(x$fpl$fnaninf) refers (Special) to usenofp.o(x$fpl$usenofp) for __I$use$fp
    fretinf.o(x$fpl$fretinf) refers (Special) to usenofp.o(x$fpl$usenofp) for __I$use$fp
    rtentry2.o(.ARM.Collect$$rtentry$$00000008) refers to boardinit2.o(.text) for _platform_post_stackheap_init
    rtentry2.o(.ARM.Collect$$rtentry$$0000000A) refers to libinit.o(.ARM.Collect$$libinit$$00000000) for __rt_lib_init
    rtentry2.o(.ARM.Collect$$rtentry$$0000000B) refers to boardinit3.o(.text) for _platform_post_lib_init
    rtentry2.o(.ARM.Collect$$rtentry$$0000000D) refers to exit.o(.text) for exit
    rtentry2.o(.ARM.Collect$$rtentry$$0000000D) refers to master_controller.o(.text) for main
    rtentry2.o(.ARM.exidx) refers to rtentry2.o(.ARM.Collect$$rtentry$$00000001) for .ARM.Collect$$rtentry$$00000001
    rtentry2.o(.ARM.exidx) refers to rtentry2.o(.ARM.Collect$$rtentry$$00000008) for .ARM.Collect$$rtentry$$00000008
    rtentry2.o(.ARM.exidx) refers to rtentry2.o(.ARM.Collect$$rtentry$$0000000A) for .ARM.Collect$$rtentry$$0000000A
    rtentry2.o(.ARM.exidx) refers to rtentry2.o(.ARM.Collect$$rtentry$$0000000B) for .ARM.Collect$$rtentry$$0000000B
    rtentry2.o(.ARM.exidx) refers to rtentry2.o(.ARM.Collect$$rtentry$$0000000D) for .ARM.Collect$$rtentry$$0000000D
    rtentry4.o(.ARM.Collect$$rtentry$$00000004) refers to sys_stackheap_outer.o(.text) for __user_setup_stackheap
    rtentry4.o(.ARM.exidx) refers to rtentry4.o(.ARM.Collect$$rtentry$$00000004) for .ARM.Collect$$rtentry$$00000004
    rt_div0.o(.text) refers to defsig_fpe_outer.o(.text) for __rt_SIGFPE
    argv_veneer.o(.emb_text) refers to no_argv.o(.text) for __ARM_get_argv
    sys_stackheap_outer.o(.text) refers to libspace.o(.text) for __user_perproc_libspace
    sys_stackheap_outer.o(.text) refers to lpc2400.o(.text) for __user_initial_stackheap
    exit.o(.text) refers to rtexit.o(.ARM.Collect$$rtexit$$00000000) for __rt_exit
    defsig_fpe_outer.o(.text) refers to defsig_fpe_inner.o(.text) for __rt_SIGFPE_inner
    defsig_fpe_outer.o(.text) refers to defsig_exit.o(.text) for __sig_exit
    defsig_fpe_formal.o(.text) refers to rt_raise.o(.text) for __rt_raise
    _get_argv_nomalloc.o(.text) refers (Special) to hrguard.o(.text) for __heap_region$guard
    _get_argv_nomalloc.o(.text) refers to defsig_rtmem_outer.o(.text) for __rt_SIGRTMEM
    _get_argv_nomalloc.o(.text) refers to sys_command.o(.text) for _sys_command_string
    libinit.o(.ARM.Collect$$libinit$$00000000) refers (Special) to libinit2.o(.ARM.Collect$$libinit$$0000002A) for __rt_lib_init_alloca_1
    libinit.o(.ARM.Collect$$libinit$$00000000) refers (Special) to libinit2.o(.ARM.Collect$$libinit$$00000028) for __rt_lib_init_argv_1
    libinit.o(.ARM.Collect$$libinit$$00000000) refers (Special) to libinit2.o(.ARM.Collect$$libinit$$00000017) for __rt_lib_init_atexit_1
    libinit.o(.ARM.Collect$$libinit$$00000000) refers (Special) to libinit2.o(.ARM.Collect$$libinit$$0000001D) for __rt_lib_init_clock_1
    libinit.o(.ARM.Collect$$libinit$$00000000) refers (Special) to libinit2.o(.ARM.Collect$$libinit$$0000002E) for __rt_lib_init_cpp_1
    libinit.o(.ARM.Collect$$libinit$$00000000) refers (Special) to libinit2.o(.ARM.Collect$$libinit$$0000002C) for __rt_lib_init_exceptions_1
    libinit.o(.ARM.Collect$$libinit$$00000000) refers (Special) to libinit2.o(.ARM.Collect$$libinit$$0000001B) for __rt_lib_init_fp_trap_1
    libinit.o(.ARM.Collect$$libinit$$00000000) refers (Special) to libinit2.o(.ARM.Collect$$libinit$$0000001F) for __rt_lib_init_getenv_1
    libinit.o(.ARM.Collect$$libinit$$00000000) refers (Special) to libinit2.o(.ARM.Collect$$libinit$$00000006) for __rt_lib_init_heap_1
    libinit.o(.ARM.Collect$$libinit$$00000000) refers (Special) to libinit2.o(.ARM.Collect$$libinit$$0000000D) for __rt_lib_init_lc_collate_1
    libinit.o(.ARM.Collect$$libinit$$00000000) refers (Special) to libinit2.o(.ARM.Collect$$libinit$$0000000F) for __rt_lib_init_lc_ctype_1
    libinit.o(.ARM.Collect$$libinit$$00000000) refers (Special) to libinit2.o(.ARM.Collect$$libinit$$00000011) for __rt_lib_init_lc_monetary_1
    libinit.o(.ARM.Collect$$libinit$$00000000) refers (Special) to libinit2.o(.ARM.Collect$$libinit$$00000013) for __rt_lib_init_lc_numeric_1
    libinit.o(.ARM.Collect$$libinit$$00000000) refers (Special) to libinit2.o(.ARM.Collect$$libinit$$00000015) for __rt_lib_init_lc_time_1
    libinit.o(.ARM.Collect$$libinit$$00000000) refers (Special) to libinit2.o(.ARM.Collect$$libinit$$0000000A) for __rt_lib_init_rand_1
    libinit.o(.ARM.Collect$$libinit$$00000000) refers (Special) to libinit2.o(.ARM.Collect$$libinit$$0000002F) for __rt_lib_init_return
    libinit.o(.ARM.Collect$$libinit$$00000000) refers (Special) to libinit2.o(.ARM.Collect$$libinit$$00000019) for __rt_lib_init_signal_1
    libinit.o(.ARM.Collect$$libinit$$00000000) refers (Special) to libinit2.o(.ARM.Collect$$libinit$$00000021) for __rt_lib_init_stdio_1
    libinit.o(.ARM.Collect$$libinit$$00000000) refers (Special) to libinit2.o(.ARM.Collect$$libinit$$00000008) for __rt_lib_init_user_alloc_1
    libinit.o(.ARM.Collect$$libinit$$00000000) refers to fpinit.o(x$fpl$fpinit) for _fp_init
    sys_command.o(.text) refers (Special) to use_no_semi.o(.text) for __I$use$semihosting
    sys_command.o(.text) refers (Special) to indicate_semi.o(.text) for __semihosting_library_function
    libspace.o(.text) refers to libspace.o(.bss) for __libspace_start
    rtexit.o(.ARM.Collect$$rtexit$$00000000) refers (Special) to rtexit2.o(.ARM.Collect$$rtexit$$00000004) for __rt_exit_exit
    rtexit.o(.ARM.Collect$$rtexit$$00000000) refers (Special) to rtexit2.o(.ARM.Collect$$rtexit$$00000003) for __rt_exit_ls
    rtexit.o(.ARM.Collect$$rtexit$$00000000) refers (Special) to rtexit2.o(.ARM.Collect$$rtexit$$00000002) for __rt_exit_prels_1
    rtexit.o(.ARM.exidx) refers (Special) to rtexit2.o(.ARM.Collect$$rtexit$$00000004) for __rt_exit_exit
    rtexit.o(.ARM.exidx) refers (Special) to rtexit2.o(.ARM.Collect$$rtexit$$00000003) for __rt_exit_ls
    rtexit.o(.ARM.exidx) refers (Special) to rtexit2.o(.ARM.Collect$$rtexit$$00000002) for __rt_exit_prels_1
    rtexit.o(.ARM.exidx) refers to rtexit.o(.ARM.Collect$$rtexit$$00000000) for .ARM.Collect$$rtexit$$00000000
    rt_raise.o(.text) refers to __raise.o(.text) for __raise
    rt_raise.o(.text) refers to sys_exit.o(.text) for _sys_exit
    defsig_exit.o(.text) refers to sys_exit.o(.text) for _sys_exit
    defsig_fpe_inner.o(.text) refers to defsig_general.o(.text) for __default_signal_display
    defsig_rtmem_outer.o(.text) refers to defsig_rtmem_inner.o(.text) for __rt_SIGRTMEM_inner
    defsig_rtmem_outer.o(.text) refers to defsig_exit.o(.text) for __sig_exit
    defsig_rtmem_formal.o(.text) refers to rt_raise.o(.text) for __rt_raise
    fpinit.o(x$fpl$fpinit) refers to rt_fp_status_addr_intlibspace.o(.text) for __rt_fp_status_addr
    sys_exit.o(.text) refers (Special) to use_no_semi.o(.text) for __I$use$semihosting
    sys_exit.o(.text) refers (Special) to indicate_semi.o(.text) for __semihosting_library_function
    rtexit2.o(.ARM.Collect$$rtexit$$00000003) refers to libshutdown.o(.ARM.Collect$$libshutdown$$00000000) for __rt_lib_shutdown
    rtexit2.o(.ARM.Collect$$rtexit$$00000004) refers to sys_exit.o(.text) for _sys_exit
    rtexit2.o(.ARM.exidx) refers to rtexit2.o(.ARM.Collect$$rtexit$$00000001) for .ARM.Collect$$rtexit$$00000001
    rtexit2.o(.ARM.exidx) refers to rtexit2.o(.ARM.Collect$$rtexit$$00000003) for .ARM.Collect$$rtexit$$00000003
    rtexit2.o(.ARM.exidx) refers to rtexit2.o(.ARM.Collect$$rtexit$$00000004) for .ARM.Collect$$rtexit$$00000004
    rt_fp_status_addr.o(.text) refers to rt_fp_status_addr.o(.bss) for __rt_fp_status_addr_data
    rt_fp_status_addr_intlibspace.o(.text) refers to libspace.o(.bss) for __libspace_start
    __raise.o(.text) refers to __raise.o(i.__ARM_common_call_via_r2) for __ARM_common_call_via_r2
    __raise.o(.text) refers to defsig.o(CL$$defsig) for __default_signal_handler
    defsig_general.o(.text) refers to sys_wrch.o(.text) for _ttywrch
    defsig_rtmem_inner.o(.text) refers to defsig_general.o(.text) for __default_signal_display
    sys_wrch.o(.text) refers (Special) to use_no_semi.o(.text) for __I$use$semihosting
    sys_wrch.o(.text) refers (Special) to indicate_semi.o(.text) for __semihosting_library_function
    defsig.o(CL$$defsig) refers to defsig_fpe_inner.o(.text) for __rt_SIGFPE_inner
    defsig.o(CL$$defsig) refers to defsig_rtmem_inner.o(.text) for __rt_SIGRTMEM_inner
    libshutdown.o(.ARM.Collect$$libshutdown$$00000000) refers (Special) to libshutdown2.o(.ARM.Collect$$libshutdown$$00000006) for __rt_lib_shutdown_fp_trap_1
    libshutdown.o(.ARM.Collect$$libshutdown$$00000000) refers (Special) to libshutdown2.o(.ARM.Collect$$libshutdown$$0000000E) for __rt_lib_shutdown_heap_1
    libshutdown.o(.ARM.Collect$$libshutdown$$00000000) refers (Special) to libshutdown2.o(.ARM.Collect$$libshutdown$$0000000F) for __rt_lib_shutdown_return
    libshutdown.o(.ARM.Collect$$libshutdown$$00000000) refers (Special) to libshutdown2.o(.ARM.Collect$$libshutdown$$00000009) for __rt_lib_shutdown_signal_1
    libshutdown.o(.ARM.Collect$$libshutdown$$00000000) refers (Special) to libshutdown2.o(.ARM.Collect$$libshutdown$$00000003) for __rt_lib_shutdown_stdio_1
    libshutdown.o(.ARM.Collect$$libshutdown$$00000000) refers (Special) to libshutdown2.o(.ARM.Collect$$libshutdown$$0000000B) for __rt_lib_shutdown_user_alloc_1
    defsig_abrt_inner.o(.text) refers to defsig_general.o(.text) for __default_signal_display
    defsig_rtred_inner.o(.text) refers to defsig_general.o(.text) for __default_signal_display
    defsig_stak_inner.o(.text) refers to defsig_general.o(.text) for __default_signal_display
    defsig_pvfn_inner.o(.text) refers to defsig_general.o(.text) for __default_signal_display
    defsig_cppl_inner.o(.text) refers to defsig_general.o(.text) for __default_signal_display
    defsig_segv_inner.o(.text) refers to defsig_general.o(.text) for __default_signal_display
    defsig_other.o(.text) refers to defsig_general.o(.text) for __default_signal_display


==============================================================================

Removing Unused input sections from the image.

    Removing master_controller.o(.data), (20 bytes).
    Removing system_init.o(.data), (20 bytes).
    Removing system_timer.o(.data), (20 bytes).
    Removing diagnostics.o(.data), (20 bytes).
    Removing button_press.o(.data), (20 bytes).
    Removing touch_screen_read.o(.data), (20 bytes).
    Removing access_data.o(.data), (20 bytes).
    Removing swi_handler.o(HANDLER), (144 bytes).
    Removing exception_vector_table.o(DATA), (88 bytes).

9 unused section(s) (total 372 bytes) removed from the image.

==============================================================================

Adding Veneers to the image

    Adding AT veneer (8 bytes, Inline) for call to '__rt_lib_init' from rtentry2.o(.ARM.Collect$$rtentry$$0000000A).
    Adding AT veneer (8 bytes, Inline) for call to '__rt_lib_shutdown' from rtexit2.o(.ARM.Collect$$rtexit$$00000003).
    Adding TA veneer (4 bytes, Inline) for call to '__rt_exit' from exit.o(.text).
    Adding AT veneer (8 bytes, Inline) for call to 'rand' from motion_controller.o(.text).
    Adding AT veneer (8 bytes, Inline) for call to 'strlen' from lcd_main.o(.text).
    Adding AT veneer (8 bytes, Inline) for call to '_sys_exit' from rtexit2.o(.ARM.Collect$$rtexit$$00000004).
    Adding TA veneer (4 bytes, Inline) for call to '_fp_init' from libinit.o(.ARM.Collect$$libinit$$00000000).

7 Veneer(s) (total 48 bytes) added to the image.

==============================================================================

Image Symbol Table

    Local Symbols

    Symbol Name                              Value     Ov Type        Size  Object(Section)

    RESET                                    0x00000000   Section      844  lpc2400.o(RESET)
    ../../angel/boardlib.s                   0x00000000   Number         0  boardinit1.o ABSOLUTE
    ../../angel/boardlib.s                   0x00000000   Number         0  boardinit2.o ABSOLUTE
    ../../angel/boardlib.s                   0x00000000   Number         0  boardinit3.o ABSOLUTE
    ../../angel/boardlib.s                   0x00000000   Number         0  boardshut.o ABSOLUTE
    ../../angel/handlers.s                   0x00000000   Number         0  __scatter_zi.o ABSOLUTE
    ../../angel/handlers.s                   0x00000000   Number         0  __scatter_copy.o ABSOLUTE
    ../../angel/kernel.s                     0x00000000   Number         0  rtexit2.o ABSOLUTE
    ../../angel/kernel.s                     0x00000000   Number         0  rtentry.o ABSOLUTE
    ../../angel/kernel.s                     0x00000000   Number         0  rtexit.o ABSOLUTE
    ../../angel/kernel.s                     0x00000000   Number         0  rtentry2.o ABSOLUTE
    ../../angel/kernel.s                     0x00000000   Number         0  rtentry4.o ABSOLUTE
    ../../angel/rt.s                         0x00000000   Number         0  aeabi_idiv0_sigfpe.o ABSOLUTE
    ../../angel/rt.s                         0x00000000   Number         0  rt_div0.o ABSOLUTE
    ../../angel/rt.s                         0x00000000   Number         0  aeabi_idiv0.o ABSOLUTE
    ../../angel/rt.s                         0x00000000   Number         0  rt_raise.o ABSOLUTE
    ../../angel/rt.s                         0x00000000   Number         0  rt_fp_status_addr.o ABSOLUTE
    ../../angel/rt.s                         0x00000000   Number         0  rt_fp_status_addr_intlibspace.o ABSOLUTE
    ../../angel/scatter.s                    0x00000000   Number         0  __scatter.o ABSOLUTE
    ../../angel/startup.s                    0x00000000   Number         0  __main.o ABSOLUTE
    ../../angel/sys.s                        0x00000000   Number         0  sys_stackheap_outer.o ABSOLUTE
    ../../angel/sys.s                        0x00000000   Number         0  use_no_semi.o ABSOLUTE
    ../../angel/sys.s                        0x00000000   Number         0  libspace.o ABSOLUTE
    ../../angel/sys.s                        0x00000000   Number         0  indicate_semi.o ABSOLUTE
    ../../angel/sysapp.c                     0x00000000   Number         0  sys_wrch.o ABSOLUTE
    ../../angel/sysapp.c                     0x00000000   Number         0  sys_command.o ABSOLUTE
    ../../angel/sysapp.c                     0x00000000   Number         0  sys_exit.o ABSOLUTE
    ../../armsys.c                           0x00000000   Number         0  argv_veneer.o ABSOLUTE
    ../../armsys.c                           0x00000000   Number         0  _get_argv_nomalloc.o ABSOLUTE
    ../../armsys.c                           0x00000000   Number         0  no_argv.o ABSOLUTE
    ../../armsys.c                           0x00000000   Number         0  argv_veneer.o ABSOLUTE
    ../../daddsub.s                          0x00000000   Number         0  daddsub_noclz.o ABSOLUTE
    ../../ddiv.s                             0x00000000   Number         0  ddiv.o ABSOLUTE
    ../../dfix.s                             0x00000000   Number         0  dfix.o ABSOLUTE
    ../../dfixu.s                            0x00000000   Number         0  dfixu.o ABSOLUTE
    ../../dflt.s                             0x00000000   Number         0  dflt_noclz.o ABSOLUTE
    ../../division.s                         0x00000000   Number         0  aeabi_sdiv.o ABSOLUTE
    ../../division.s                         0x00000000   Number         0  aeabi_sdiv_div0.o ABSOLUTE
    ../../divrt.s                            0x00000000   Number         0  divrt_7tdmi.o ABSOLUTE
    ../../divrt.s                            0x00000000   Number         0  divrt_7tdmi_div0.o ABSOLUTE
    ../../dmul.s                             0x00000000   Number         0  dmul.o ABSOLUTE
    ../../dnaninf.s                          0x00000000   Number         0  dnaninf.o ABSOLUTE
    ../../dretinf.s                          0x00000000   Number         0  dretinf.o ABSOLUTE
    ../../fcmpi.s                            0x00000000   Number         0  fcmpi.o ABSOLUTE
    ../../feqf.s                             0x00000000   Number         0  feqf.o ABSOLUTE
    ../../ffixu.s                            0x00000000   Number         0  ffixu.o ABSOLUTE
    ../../fleqf.s                            0x00000000   Number         0  fleqf.o ABSOLUTE
    ../../fmul.s                             0x00000000   Number         0  fmul.o ABSOLUTE
    ../../fnaninf.s                          0x00000000   Number         0  fnaninf.o ABSOLUTE
    ../../fpinit.s                           0x00000000   Number         0  fpinit.o ABSOLUTE
    ../../fretinf.s                          0x00000000   Number         0  fretinf.o ABSOLUTE
    ../../frleqf.s                           0x00000000   Number         0  frleqf.o ABSOLUTE
    ../../heapalloc.c                        0x00000000   Number         0  hrguard.o ABSOLUTE
    ../../heapaux.c                          0x00000000   Number         0  heapauxi.o ABSOLUTE
    ../../libinit.s                          0x00000000   Number         0  libshutdown.o ABSOLUTE
    ../../libinit.s                          0x00000000   Number         0  libinit2.o ABSOLUTE
    ../../libinit.s                          0x00000000   Number         0  libshutdown2.o ABSOLUTE
    ../../libinit.s                          0x00000000   Number         0  libinit.o ABSOLUTE
    ../../memcpset.s                         0x00000000   Number         0  rt_memcpy.o ABSOLUTE
    ../../memcpset.s                         0x00000000   Number         0  rt_memcpy_w.o ABSOLUTE
    ../../memcpset.s                         0x00000000   Number         0  aeabi_memset.o ABSOLUTE
    ../../memcpset.s                         0x00000000   Number         0  rt_memclr.o ABSOLUTE
    ../../memcpset.s                         0x00000000   Number         0  rt_memclr_w.o ABSOLUTE
    ../../signal.c                           0x00000000   Number         0  defsig_segv_inner.o ABSOLUTE
    ../../signal.c                           0x00000000   Number         0  defsig_other.o ABSOLUTE
    ../../signal.c                           0x00000000   Number         0  defsig_fpe_formal.o ABSOLUTE
    ../../signal.c                           0x00000000   Number         0  defsig_rtmem_inner.o ABSOLUTE
    ../../signal.c                           0x00000000   Number         0  defsig_general.o ABSOLUTE
    ../../signal.c                           0x00000000   Number         0  __raise.o ABSOLUTE
    ../../signal.c                           0x00000000   Number         0  defsig_abrt_inner.o ABSOLUTE
    ../../signal.c                           0x00000000   Number         0  defsig_fpe_outer.o ABSOLUTE
    ../../signal.c                           0x00000000   Number         0  defsig_rtmem_formal.o ABSOLUTE
    ../../signal.c                           0x00000000   Number         0  defsig_rtmem_outer.o ABSOLUTE
    ../../signal.c                           0x00000000   Number         0  defsig_fpe_inner.o ABSOLUTE
    ../../signal.c                           0x00000000   Number         0  defsig_exit.o ABSOLUTE
    ../../signal.c                           0x00000000   Number         0  defsig_rtred_inner.o ABSOLUTE
    ../../signal.c                           0x00000000   Number         0  defsig_stak_inner.o ABSOLUTE
    ../../signal.c                           0x00000000   Number         0  defsig_pvfn_inner.o ABSOLUTE
    ../../signal.c                           0x00000000   Number         0  defsig_cppl_inner.o ABSOLUTE
    ../../signal.s                           0x00000000   Number         0  defsig.o ABSOLUTE
    ../../stdlib.c                           0x00000000   Number         0  exit.o ABSOLUTE
    ../../stdlib.c                           0x00000000   Number         0  rand.o ABSOLUTE
    ../../stdlib.c                           0x00000000   Number         0  rand.o ABSOLUTE
    ../../string.c                           0x00000000   Number         0  strlen.o ABSOLUTE
    ../../usenofp.s                          0x00000000   Number         0  usenofp.o ABSOLUTE
    ..\diagnostics\SPI_MMC.c                 0x00000000   Number         0  spi_mmc.o ABSOLUTE
    ..\diagnostics\diagnostics.c             0x00000000   Number         0  diagnostics.o ABSOLUTE
    ..\logging\access_data.c                 0x00000000   Number         0  access_data.o ABSOLUTE
    ..\logging\data_management.s             0x00000000   Number         0  data_management.o ABSOLUTE
    ..\logging\exception_vector_table.s      0x00000000   Number         0  exception_vector_table.o ABSOLUTE
    ..\logging\swi_handler.s                 0x00000000   Number         0  swi_handler.o ABSOLUTE
    ..\master_controller.c                   0x00000000   Number         0  master_controller.o ABSOLUTE
    ..\motion_control\fixed_point_pid.c      0x00000000   Number         0  fixed_point_pid.o ABSOLUTE
    ..\motion_control\motion_controller.c    0x00000000   Number         0  motion_controller.o ABSOLUTE
    ..\motion_control\speed_limit.c          0x00000000   Number         0  speed_limit.o ABSOLUTE
    ..\system\system_init.c                  0x00000000   Number         0  system_init.o ABSOLUTE
    ..\system\system_timer.c                 0x00000000   Number         0  system_timer.o ABSOLUTE
    ..\user_interface\LCD\font5x7.c          0x00000000   Number         0  font5x7.o ABSOLUTE
    ..\user_interface\LCD\fontBrakeLabel.c   0x00000000   Number         0  fontbrakelabel.o ABSOLUTE
    ..\user_interface\LCD\fontVel.c          0x00000000   Number         0  fontvel.o ABSOLUTE
    ..\user_interface\LCD\fontVelLabel.c     0x00000000   Number         0  fontvellabel.o ABSOLUTE
    ..\user_interface\LCD\lcd_grph.c         0x00000000   Number         0  lcd_grph.o ABSOLUTE
    ..\user_interface\LCD\lcd_hw.c           0x00000000   Number         0  lcd_hw.o ABSOLUTE
    ..\user_interface\LCD\lcd_main.c         0x00000000   Number         0  lcd_main.o ABSOLUTE
    ..\user_interface\LCD\sdram.c            0x00000000   Number         0  sdram.o ABSOLUTE
    ..\user_interface\delay.c                0x00000000   Number         0  delay.o ABSOLUTE
    ..\user_interface\touchscreen\button_press.c 0x00000000   Number         0  button_press.o ABSOLUTE
    ..\user_interface\touchscreen\touch.c    0x00000000   Number         0  touch.o ABSOLUTE
    ..\user_interface\touchscreen\touch_screen_read.c 0x00000000   Number         0  touch_screen_read.o ABSOLUTE
    LPC2400.s                                0x00000000   Number         0  lpc2400.o ABSOLUTE
    dc.s                                     0x00000000   Number         0  dc.o ABSOLUTE
    Undef_Handler                            0x00000040   ARM Code       4  lpc2400.o(RESET)
    SWI_Handler                              0x00000044   ARM Code       4  lpc2400.o(RESET)
    PAbt_Handler                             0x00000048   ARM Code       4  lpc2400.o(RESET)
    DAbt_Handler                             0x0000004c   ARM Code       4  lpc2400.o(RESET)
    IRQ_Handler                              0x00000050   ARM Code       4  lpc2400.o(RESET)
    FIQ_Handler                              0x00000054   ARM Code       4  lpc2400.o(RESET)
    !!!main                                  0x0000034c   Section        8  __main.o(!!!main)
    !!!scatter                               0x00000354   Section       60  __scatter.o(!!!scatter)
    !!handler_copy                           0x00000390   Section       40  __scatter_copy.o(!!handler_copy)
    !!handler_zi                             0x000003b8   Section       44  __scatter_zi.o(!!handler_zi)
    .ARM.Collect$$libinit$$00000000          0x000003ec   Section        6  libinit.o(.ARM.Collect$$libinit$$00000000)
    .ARM.Collect$$libinit$$00000006          0x000003f2   Section        0  libinit2.o(.ARM.Collect$$libinit$$00000006)
    .ARM.Collect$$libinit$$00000008          0x000003f2   Section        0  libinit2.o(.ARM.Collect$$libinit$$00000008)
    .ARM.Collect$$libinit$$00000009          0x000003f2   Section        4  libinit2.o(.ARM.Collect$$libinit$$00000009)
    .ARM.Collect$$libinit$$0000000A          0x000003f6   Section        0  libinit2.o(.ARM.Collect$$libinit$$0000000A)
    .ARM.Collect$$libinit$$0000000D          0x000003f6   Section        0  libinit2.o(.ARM.Collect$$libinit$$0000000D)
    .ARM.Collect$$libinit$$0000000F          0x000003f6   Section        0  libinit2.o(.ARM.Collect$$libinit$$0000000F)
    .ARM.Collect$$libinit$$00000011          0x000003f6   Section        0  libinit2.o(.ARM.Collect$$libinit$$00000011)
    .ARM.Collect$$libinit$$00000013          0x000003f6   Section        0  libinit2.o(.ARM.Collect$$libinit$$00000013)
    .ARM.Collect$$libinit$$00000015          0x000003f6   Section        0  libinit2.o(.ARM.Collect$$libinit$$00000015)
    .ARM.Collect$$libinit$$00000017          0x000003f6   Section        0  libinit2.o(.ARM.Collect$$libinit$$00000017)
    .ARM.Collect$$libinit$$00000019          0x000003f6   Section        0  libinit2.o(.ARM.Collect$$libinit$$00000019)
    .ARM.Collect$$libinit$$0000001B          0x000003f6   Section        0  libinit2.o(.ARM.Collect$$libinit$$0000001B)
    .ARM.Collect$$libinit$$0000001D          0x000003f6   Section        0  libinit2.o(.ARM.Collect$$libinit$$0000001D)
    .ARM.Collect$$libinit$$0000001F          0x000003f6   Section        0  libinit2.o(.ARM.Collect$$libinit$$0000001F)
    .ARM.Collect$$libinit$$00000021          0x000003f6   Section        0  libinit2.o(.ARM.Collect$$libinit$$00000021)
    .ARM.Collect$$libinit$$00000028          0x000003f6   Section        0  libinit2.o(.ARM.Collect$$libinit$$00000028)
    .ARM.Collect$$libinit$$0000002A          0x000003f6   Section        0  libinit2.o(.ARM.Collect$$libinit$$0000002A)
    .ARM.Collect$$libinit$$0000002C          0x000003f6   Section        0  libinit2.o(.ARM.Collect$$libinit$$0000002C)
    .ARM.Collect$$libinit$$0000002E          0x000003f6   Section        0  libinit2.o(.ARM.Collect$$libinit$$0000002E)
    .ARM.Collect$$libinit$$0000002F          0x000003f6   Section       12  libinit2.o(.ARM.Collect$$libinit$$0000002F)
    .ARM.Collect$$libshutdown$$00000000      0x0000040c   Section        4  libshutdown.o(.ARM.Collect$$libshutdown$$00000000)
    .ARM.Collect$$libshutdown$$00000003      0x00000410   Section        0  libshutdown2.o(.ARM.Collect$$libshutdown$$00000003)
    .ARM.Collect$$libshutdown$$00000006      0x00000410   Section        0  libshutdown2.o(.ARM.Collect$$libshutdown$$00000006)
    .ARM.Collect$$libshutdown$$00000009      0x00000410   Section        0  libshutdown2.o(.ARM.Collect$$libshutdown$$00000009)
    .ARM.Collect$$libshutdown$$0000000B      0x00000410   Section        0  libshutdown2.o(.ARM.Collect$$libshutdown$$0000000B)
    .ARM.Collect$$libshutdown$$0000000E      0x00000410   Section        0  libshutdown2.o(.ARM.Collect$$libshutdown$$0000000E)
    .ARM.Collect$$libshutdown$$0000000F      0x00000410   Section        6  libshutdown2.o(.ARM.Collect$$libshutdown$$0000000F)
    .ARM.Collect$$rtentry$$00000000          0x00000418   Section        0  rtentry.o(.ARM.Collect$$rtentry$$00000000)
    .ARM.Collect$$rtentry$$00000002          0x00000418   Section        0  rtentry2.o(.ARM.Collect$$rtentry$$00000002)
    .ARM.Collect$$rtentry$$00000004          0x00000418   Section        8  rtentry4.o(.ARM.Collect$$rtentry$$00000004)
    .ARM.Collect$$rtentry$$00000009          0x00000420   Section        0  rtentry2.o(.ARM.Collect$$rtentry$$00000009)
    .ARM.Collect$$rtentry$$0000000A          0x00000420   Section        4  rtentry2.o(.ARM.Collect$$rtentry$$0000000A)
    .ARM.Collect$$rtentry$$0000000C          0x00000424   Section        0  rtentry2.o(.ARM.Collect$$rtentry$$0000000C)
    .ARM.Collect$$rtentry$$0000000D          0x00000424   Section       40  rtentry2.o(.ARM.Collect$$rtentry$$0000000D)
    .ARM.Collect$$rtexit$$00000000           0x00000450   Section        4  rtexit.o(.ARM.Collect$$rtexit$$00000000)
    .ARM.Collect$$rtexit$$00000002           0x00000454   Section        0  rtexit2.o(.ARM.Collect$$rtexit$$00000002)
    .ARM.Collect$$rtexit$$00000003           0x00000454   Section        4  rtexit2.o(.ARM.Collect$$rtexit$$00000003)
    .ARM.Collect$$rtexit$$00000004           0x00000458   Section        8  rtexit2.o(.ARM.Collect$$rtexit$$00000004)
    .emb_text                                0x00000468   Section       56  rand.o(.emb_text)
    .text                                    0x000004a0   Section       32  lpc2400.o(.text)
    .text                                    0x000004c0   Section        0  master_controller.o(.text)
    .text                                    0x0000059c   Section        0  fixed_point_pid.o(.text)
    f_to_q                                   0x0000059c   ARM Code     116  fixed_point_pid.o(.text)
    .text                                    0x000007ac   Section        0  motion_controller.o(.text)
    get_voltage                              0x000007ac   ARM Code     112  motion_controller.o(.text)
    get_ultrasonic_data                      0x0000081c   ARM Code     276  motion_controller.o(.text)
    get_location_id                          0x00000930   ARM Code      40  motion_controller.o(.text)
    set_pwm                                  0x00000958   ARM Code      24  motion_controller.o(.text)
    release_brake                            0x00000970   ARM Code      28  motion_controller.o(.text)
    get_vel                                  0x0000098c   ARM Code      32  motion_controller.o(.text)
    set_brake                                0x000009ac   ARM Code      36  motion_controller.o(.text)
    update_brake_state                       0x000009d0   ARM Code      44  motion_controller.o(.text)
    set_dms                                  0x000009fc   ARM Code      28  motion_controller.o(.text)
    reset_dms                                0x00000a18   ARM Code      28  motion_controller.o(.text)
    update_dms_state                         0x00000a34   ARM Code      68  motion_controller.o(.text)
    .text                                    0x00000be0   Section        0  speed_limit.o(.text)
    .text                                    0x00000c3c   Section        0  system_init.o(.text)
    .text                                    0x00000f44   Section        0  system_timer.o(.text)
    .text                                    0x000011d8   Section        0  diagnostics.o(.text)
    .text                                    0x00001348   Section        0  spi_mmc.o(.text)
    .text                                    0x000016d4   Section        0  delay.o(.text)
    .text                                    0x00001708   Section        0  button_press.o(.text)
    .text                                    0x00001918   Section        0  touch.o(.text)
    touch_read                               0x00001988   ARM Code     136  touch.o(.text)
    .text                                    0x00001a6c   Section        0  touch_screen_read.o(.text)
    .text                                    0x00001b88   Section        0  lcd_grph.o(.text)
    hLine                                    0x00001bbc   ARM Code     108  lcd_grph.o(.text)
    vLine                                    0x00001c28   ARM Code      84  lcd_grph.o(.text)
    .text                                    0x00003354   Section        0  lcd_hw.o(.text)
    spiSend                                  0x00003354   ARM Code      88  lcd_hw.o(.text)
    writeToReg                               0x000033ac   ARM Code     156  lcd_hw.o(.text)
    lcd_hw_init                              0x00003448   ARM Code     364  lcd_hw.o(.text)
    lcd_display_init                         0x000035b4   ARM Code     500  lcd_hw.o(.text)
    lcd_ctrl_init                            0x000037a8   ARM Code     692  lcd_hw.o(.text)
    .text                                    0x00003cd4   Section        0  lcd_main.o(.text)
    .text                                    0x00004f28   Section        0  sdram.o(.text)
    .text                                    0x0000511c   Section        0  access_data.o(.text)
    .text                                    0x000051b4   Section        0  rand.o(.text)
    .text                                    0x000051fc   Section        0  strlen.o(.text)
    .text                                    0x00005240   Section      212  rt_memcpy.o(.text)
    .text                                    0x00005314   Section      100  rt_memcpy_w.o(.text)
    .text                                    0x00005378   Section       16  aeabi_memset.o(.text)
    .text                                    0x00005388   Section      384  aeabi_sdiv.o(.text)
    __arm_div8                               0x000053b4   ARM Code       0  aeabi_sdiv.o(.text)
    __arm_div5                               0x000053d8   ARM Code       0  aeabi_sdiv.o(.text)
    __arm_div2                               0x000053fc   ARM Code       0  aeabi_sdiv.o(.text)
    __arm_div_large                          0x00005438   ARM Code       0  aeabi_sdiv.o(.text)
    .text                                    0x00005508   Section        0  heapauxi.o(.text)
    .text                                    0x00005510   Section       64  rt_memclr.o(.text)
    .text                                    0x00005550   Section       84  rt_memclr_w.o(.text)
    .text                                    0x000055a4   Section       96  sys_stackheap_outer.o(.text)
    .text                                    0x00005604   Section        0  exit.o(.text)
    .text                                    0x00005610   Section       12  libspace.o(.text)
    .text                                    0x00005624   Section        0  sys_exit.o(.text)
    .text                                    0x00005630   Section        4  use_no_semi.o(.text)
    .text                                    0x00005634   Section        0  indicate_semi.o(.text)
    .text                                    0x00005634   Section       12  rt_fp_status_addr_intlibspace.o(.text)
    .text_udiv                               0x00005640   Section       36  aeabi_sdiv.o(.text_udiv)
    store_data                               0x00005664   Section       40  data_management.o(store_data)
    x$fpl$dadd                               0x0000568c   Section      340  daddsub_noclz.o(x$fpl$dadd)
    _dadd1                                   0x0000569c   ARM Code       0  daddsub_noclz.o(x$fpl$dadd)
    x$fpl$ddiv                               0x000057e0   Section      736  ddiv.o(x$fpl$ddiv)
    ddiv_entry                               0x000057e8   ARM Code       0  ddiv.o(x$fpl$ddiv)
    x$fpl$dfix                               0x00005ac0   Section      112  dfix.o(x$fpl$dfix)
    x$fpl$dfixu                              0x00005b30   Section      112  dfixu.o(x$fpl$dfixu)
    x$fpl$dflt                               0x00005ba0   Section       88  dflt_noclz.o(x$fpl$dflt)
    x$fpl$dfltu                              0x00005bf8   Section       12  dflt_noclz.o(x$fpl$dfltu)
    x$fpl$dmul                               0x00005c04   Section      384  dmul.o(x$fpl$dmul)
    x$fpl$dnaninf                            0x00005d84   Section      192  dnaninf.o(x$fpl$dnaninf)
    x$fpl$dretinf                            0x00005e44   Section       16  dretinf.o(x$fpl$dretinf)
    x$fpl$dsub                               0x00005e54   Section      580  daddsub_noclz.o(x$fpl$dsub)
    _dsub1                                   0x00005e64   ARM Code       0  daddsub_noclz.o(x$fpl$dsub)
    x$fpl$fcmpinf                            0x00006098   Section       28  fcmpi.o(x$fpl$fcmpinf)
    x$fpl$feqf                               0x000060b4   Section      132  feqf.o(x$fpl$feqf)
    x$fpl$ffixu                              0x00006138   Section       84  ffixu.o(x$fpl$ffixu)
    x$fpl$fleqf                              0x0000618c   Section      132  fleqf.o(x$fpl$fleqf)
    x$fpl$fmul                               0x00006210   Section      256  fmul.o(x$fpl$fmul)
    x$fpl$fnaninf                            0x00006310   Section      168  fnaninf.o(x$fpl$fnaninf)
    x$fpl$fpinit                             0x000063bc   Section       24  fpinit.o(x$fpl$fpinit)
    x$fpl$fretinf                            0x000063d4   Section       16  fretinf.o(x$fpl$fretinf)
    x$fpl$frleqf                             0x000063e4   Section      124  frleqf.o(x$fpl$frleqf)
    .constdata                               0x00006460   Section      768  font5x7.o(.constdata)
    x$fpl$usenofp                            0x00006460   Section        0  usenofp.o(x$fpl$usenofp)
    .constdata                               0x00006760   Section      120  fontbrakelabel.o(.constdata)
    .constdata                               0x000067d8   Section     5280  fontvel.o(.constdata)
    .constdata                               0x00007c78   Section      304  fontvellabel.o(.constdata)
    .constdata                               0x00007da8   Section        8  lcd_grph.o(.constdata)
    font_mask                                0x00007da8   Data           8  lcd_grph.o(.constdata)
    .constdata                               0x00007db0   Section       96  lcd_main.o(.constdata)
    .data                                    0x40000000   Section       30  motion_controller.o(.data)
    lcd_config                               0x40000000   Data          20  motion_controller.o(.data)
    result                                   0x40000014   Data           2  motion_controller.o(.data)
    compensation                             0x40000018   Data           4  motion_controller.o(.data)
    dms_state                                0x4000001c   Data           1  motion_controller.o(.data)
    mem_dms_state                            0x4000001d   Data           1  motion_controller.o(.data)
    .data                                    0x4000001e   Section       27  spi_mmc.o(.data)
    lcd_config                               0x4000001e   Data          20  spi_mmc.o(.data)
    .data                                    0x4000003a   Section        4  lcd_grph.o(.data)
    foregroundColor                          0x4000003a   Data           2  lcd_grph.o(.data)
    backgroundColor                          0x4000003c   Data           2  lcd_grph.o(.data)
    .data                                    0x40000040   Section       24  lcd_main.o(.data)
    lcd_config                               0x40000040   Data          20  lcd_main.o(.data)
    i                                        0x40000054   Data           4  lcd_main.o(.data)
    .bss                                     0x40000058   Section       12  master_controller.o(.bss)
    .bss                                     0x40000064   Section       24  motion_controller.o(.bss)
    pi_controller                            0x40000064   Data          24  motion_controller.o(.bss)
    .bss                                     0x4000007c   Section       30  speed_limit.o(.bss)
    .bss                                     0x4000009a   Section     1024  spi_mmc.o(.bss)
    .bss                                     0x4000049c   Section      228  rand.o(.bss)
    .bss                                     0x40000580   Section       96  libspace.o(.bss)
    HEAP                                     0x400005e0   Section        0  lpc2400.o(HEAP)
    STACK                                    0x400005e0   Section     1288  lpc2400.o(STACK)
    Heap_Mem                                 0x400005e0   Data           0  lpc2400.o(HEAP)
    Stack_Mem                                0x400005e0   Data        1024  lpc2400.o(STACK)
    Stack_Top                                0x40000ae8   Data           0  lpc2400.o(STACK)

    Global Symbols

    Symbol Name                              Value     Ov Type        Size  Object(Section)

    BuildAttributes$$THM_ISAv1$ARM_ISAv4$S$PE$A:L22$X:L11$S22$IEEE1$IW$USESV6$~STKCKD$USESV7$~SHL$OSPACE$ROPI$EBA8$UX$STANDARDLIB$REQ8$PRES8$EABIv2 0x00000000   Number         0  anon$$obj.o ABSOLUTE
    __ARM_use_no_argv                        0x00000000   Number         0  master_controller.o ABSOLUTE
    __ARM_exceptions_init                     - Undefined Weak Reference
    __alloca_initialize                       - Undefined Weak Reference
    __cpp_initialize__aeabi_                  - Undefined Weak Reference
    __cxa_finalize                            - Undefined Weak Reference
    __rt_locale                               - Undefined Weak Reference
    __sigvec_lookup                           - Undefined Weak Reference
    _atexit_init                              - Undefined Weak Reference
    _call_atexit_fns                          - Undefined Weak Reference
    _clock_init                               - Undefined Weak Reference
    _fp_trap_init                             - Undefined Weak Reference
    _fp_trap_shutdown                         - Undefined Weak Reference
    _get_lc_collate                           - Undefined Weak Reference
    _get_lc_ctype                             - Undefined Weak Reference
    _get_lc_monetary                          - Undefined Weak Reference
    _get_lc_numeric                           - Undefined Weak Reference
    _get_lc_time                              - Undefined Weak Reference
    _getenv_init                              - Undefined Weak Reference
    _handle_redirection                       - Undefined Weak Reference
    _init_alloc                               - Undefined Weak Reference
    _init_user_alloc                          - Undefined Weak Reference
    _initio                                   - Undefined Weak Reference
    _signal_finish                            - Undefined Weak Reference
    _signal_init                              - Undefined Weak Reference
    _terminate_alloc                          - Undefined Weak Reference
    _terminate_user_alloc                     - Undefined Weak Reference
    _terminateio                              - Undefined Weak Reference
    Reset_Handler                            0x00000058   ARM Code       0  lpc2400.o(RESET)
    __main                                   0x0000034c   ARM Code       8  __main.o(!!!main)
    __scatterload                            0x00000354   ARM Code       0  __scatter.o(!!!scatter)
    __scatterload_rt2                        0x00000354   ARM Code      52  __scatter.o(!!!scatter)
    __scatterload_null                       0x00000368   ARM Code       0  __scatter.o(!!!scatter)
    __scatterload_copy                       0x00000390   ARM Code      40  __scatter_copy.o(!!handler_copy)
    __scatterload_zeroinit                   0x000003b8   ARM Code      44  __scatter_zi.o(!!handler_zi)
    Inline ARM to Thumb Veneer to __rt_lib_init 0x000003e4   ARM Code       8  libinit.o(.ARM.Collect$$libinit$$00000000)
    __rt_lib_init                            0x000003ed   Thumb Code     0  libinit.o(.ARM.Collect$$libinit$$00000000)
    __rt_lib_init_heap_1                     0x000003f3   Thumb Code     0  libinit2.o(.ARM.Collect$$libinit$$00000006)
    __rt_lib_init_rand_2                     0x000003f3   Thumb Code     0  libinit2.o(.ARM.Collect$$libinit$$00000009)
    __rt_lib_init_user_alloc_1               0x000003f3   Thumb Code     0  libinit2.o(.ARM.Collect$$libinit$$00000008)
    __rt_lib_init_alloca_1                   0x000003f7   Thumb Code     0  libinit2.o(.ARM.Collect$$libinit$$0000002A)
    __rt_lib_init_argv_1                     0x000003f7   Thumb Code     0  libinit2.o(.ARM.Collect$$libinit$$00000028)
    __rt_lib_init_atexit_1                   0x000003f7   Thumb Code     0  libinit2.o(.ARM.Collect$$libinit$$00000017)
    __rt_lib_init_clock_1                    0x000003f7   Thumb Code     0  libinit2.o(.ARM.Collect$$libinit$$0000001D)
    __rt_lib_init_cpp_1                      0x000003f7   Thumb Code     0  libinit2.o(.ARM.Collect$$libinit$$0000002E)
    __rt_lib_init_exceptions_1               0x000003f7   Thumb Code     0  libinit2.o(.ARM.Collect$$libinit$$0000002C)
    __rt_lib_init_fp_trap_1                  0x000003f7   Thumb Code     0  libinit2.o(.ARM.Collect$$libinit$$0000001B)
    __rt_lib_init_getenv_1                   0x000003f7   Thumb Code     0  libinit2.o(.ARM.Collect$$libinit$$0000001F)
    __rt_lib_init_lc_collate_1               0x000003f7   Thumb Code     0  libinit2.o(.ARM.Collect$$libinit$$0000000D)
    __rt_lib_init_lc_ctype_1                 0x000003f7   Thumb Code     0  libinit2.o(.ARM.Collect$$libinit$$0000000F)
    __rt_lib_init_lc_monetary_1              0x000003f7   Thumb Code     0  libinit2.o(.ARM.Collect$$libinit$$00000011)
    __rt_lib_init_lc_numeric_1               0x000003f7   Thumb Code     0  libinit2.o(.ARM.Collect$$libinit$$00000013)
    __rt_lib_init_lc_time_1                  0x000003f7   Thumb Code     0  libinit2.o(.ARM.Collect$$libinit$$00000015)
    __rt_lib_init_rand_1                     0x000003f7   Thumb Code     0  libinit2.o(.ARM.Collect$$libinit$$0000000A)
    __rt_lib_init_return                     0x000003f7   Thumb Code     0  libinit2.o(.ARM.Collect$$libinit$$0000002F)
    __rt_lib_init_signal_1                   0x000003f7   Thumb Code     0  libinit2.o(.ARM.Collect$$libinit$$00000019)
    __rt_lib_init_stdio_1                    0x000003f7   Thumb Code     0  libinit2.o(.ARM.Collect$$libinit$$00000021)
    Inline ARM to Thumb Veneer to __rt_lib_shutdown 0x00000404   ARM Code       8  libshutdown.o(.ARM.Collect$$libshutdown$$00000000)
    __rt_lib_shutdown                        0x0000040d   Thumb Code     0  libshutdown.o(.ARM.Collect$$libshutdown$$00000000)
    __rt_lib_shutdown_fp_trap_1              0x00000411   Thumb Code     0  libshutdown2.o(.ARM.Collect$$libshutdown$$00000006)
    __rt_lib_shutdown_heap_1                 0x00000411   Thumb Code     0  libshutdown2.o(.ARM.Collect$$libshutdown$$0000000E)
    __rt_lib_shutdown_return                 0x00000411   Thumb Code     0  libshutdown2.o(.ARM.Collect$$libshutdown$$0000000F)
    __rt_lib_shutdown_signal_1               0x00000411   Thumb Code     0  libshutdown2.o(.ARM.Collect$$libshutdown$$00000009)
    __rt_lib_shutdown_stdio_1                0x00000411   Thumb Code     0  libshutdown2.o(.ARM.Collect$$libshutdown$$00000003)
    __rt_lib_shutdown_user_alloc_1           0x00000411   Thumb Code     0  libshutdown2.o(.ARM.Collect$$libshutdown$$0000000B)
    __rt_entry                               0x00000418   ARM Code       0  rtentry.o(.ARM.Collect$$rtentry$$00000000)
    __rt_entry_presh_1                       0x00000418   ARM Code       0  rtentry2.o(.ARM.Collect$$rtentry$$00000002)
    __rt_entry_sh                            0x00000418   ARM Code       0  rtentry4.o(.ARM.Collect$$rtentry$$00000004)
    __rt_entry_li                            0x00000420   ARM Code       0  rtentry2.o(.ARM.Collect$$rtentry$$0000000A)
    __rt_entry_postsh_1                      0x00000420   ARM Code       0  rtentry2.o(.ARM.Collect$$rtentry$$00000009)
    __rt_entry_main                          0x00000424   ARM Code       0  rtentry2.o(.ARM.Collect$$rtentry$$0000000D)
    __rt_entry_postli_1                      0x00000424   ARM Code       0  rtentry2.o(.ARM.Collect$$rtentry$$0000000C)
    Inline Thumb to ARM Veneer to __rt_exit  0x0000044d   Thumb Code     4  rtexit.o(.ARM.Collect$$rtexit$$00000000)
    __rt_exit                                0x00000450   ARM Code       0  rtexit.o(.ARM.Collect$$rtexit$$00000000)
    __rt_exit_ls                             0x00000454   ARM Code       0  rtexit2.o(.ARM.Collect$$rtexit$$00000003)
    __rt_exit_prels_1                        0x00000454   ARM Code       0  rtexit2.o(.ARM.Collect$$rtexit$$00000002)
    __rt_exit_exit                           0x00000458   ARM Code       0  rtexit2.o(.ARM.Collect$$rtexit$$00000004)
    Inline ARM to Thumb Veneer to rand       0x00000460   ARM Code       8  rand.o(.emb_text)
    rand                                     0x00000469   Thumb Code    52  rand.o(.emb_text)
    __user_initial_stackheap                 0x000004a0   ARM Code       0  lpc2400.o(.text)
    hw_init                                  0x000004c0   ARM Code      44  master_controller.o(.text)
    lr_init                                  0x000004ec   ARM Code      72  master_controller.o(.text)
    main                                     0x00000534   ARM Code     100  master_controller.o(.text)
    init_controller                          0x00000610   ARM Code     204  fixed_point_pid.o(.text)
    step_controller                          0x000006dc   ARM Code     192  fixed_point_pid.o(.text)
    run_controller                           0x00000a78   ARM Code     308  motion_controller.o(.text)
    init_vel_limit_data                      0x00000be0   ARM Code      68  speed_limit.o(.text)
    get_vel_limit_data                       0x00000c24   ARM Code      20  speed_limit.o(.text)
    init_pll                                 0x00000c3c   ARM Code      96  system_init.o(.text)
    init_adc                                 0x00000c9c   ARM Code     104  system_init.o(.text)
    init_pwm                                 0x00000d04   ARM Code     176  system_init.o(.text)
    init_spi                                 0x00000db4   ARM Code     112  system_init.o(.text)
    init_ultrasonic                          0x00000e24   ARM Code     108  system_init.o(.text)
    spi_write                                0x00000e90   ARM Code      84  system_init.o(.text)
    spi_read                                 0x00000ee4   ARM Code      76  system_init.o(.text)
    get_prescaler                            0x00000f44   ARM Code      68  system_timer.o(.text)
    master_isr_handler                       0x00000f88   ARM Code      52  system_timer.o(.text)
    start_master_isr                         0x00000fbc   ARM Code     188  system_timer.o(.text)
    stop_master_isr                          0x00001078   ARM Code      28  system_timer.o(.text)
    init_timer2                              0x00001094   ARM Code      52  system_timer.o(.text)
    delay_timer2                             0x000010c8   ARM Code      72  system_timer.o(.text)
    start_timer2_stopwatch                   0x00001110   ARM Code      16  system_timer.o(.text)
    split_timer2_stopwatch                   0x00001120   ARM Code      12  system_timer.o(.text)
    reset_timer2_stopwatch                   0x0000112c   ARM Code      24  system_timer.o(.text)
    init_timer3                              0x00001144   ARM Code      52  system_timer.o(.text)
    delay_timer3                             0x00001178   ARM Code      72  system_timer.o(.text)
    load_diag_code                           0x000011d8   ARM Code     140  diagnostics.o(.text)
    run_diag_code                            0x00001264   ARM Code      32  diagnostics.o(.text)
    check_diag_conditions                    0x00001284   ARM Code      80  diagnostics.o(.text)
    spi_read_block                           0x000012d4   ARM Code      52  diagnostics.o(.text)
    spi_write_block                          0x00001308   ARM Code      52  diagnostics.o(.text)
    mmc_response                             0x00001348   ARM Code      80  spi_mmc.o(.text)
    mmc_init                                 0x00001398   ARM Code     544  spi_mmc.o(.text)
    mmc_read_block                           0x000015b8   ARM Code     256  spi_mmc.o(.text)
    mdelay                                   0x000016d4   ARM Code      48  delay.o(.text)
    inside_sd                                0x00001708   ARM Code      56  button_press.o(.text)
    inside_throttle_minus                    0x00001740   ARM Code      52  button_press.o(.text)
    inside_throttle_plus                     0x00001774   ARM Code      52  button_press.o(.text)
    inside_brake                             0x000017a8   ARM Code      60  button_press.o(.text)
    press_button                             0x000017e4   ARM Code     296  button_press.o(.text)
    touch_init                               0x00001918   ARM Code     112  touch.o(.text)
    touch_read_xy                            0x00001a10   ARM Code      76  touch.o(.text)
    pressure_calc                            0x00001a6c   ARM Code     152  touch_screen_read.o(.text)
    touch_screen_press                       0x00001b04   ARM Code     120  touch_screen_read.o(.text)
    lcd_point                                0x00001b88   ARM Code      52  lcd_grph.o(.text)
    lcd_fillScreen                           0x00001c7c   ARM Code      88  lcd_grph.o(.text)
    lcd_drawRect                             0x00001cd4   ARM Code     112  lcd_grph.o(.text)
    lcd_fillRect                             0x00001d44   ARM Code     184  lcd_grph.o(.text)
    lcd_line                                 0x00001dfc   ARM Code     536  lcd_grph.o(.text)
    lcd_circle                               0x00002014   ARM Code    1184  lcd_grph.o(.text)
    lcd_fillcircle                           0x000024b4   ARM Code    1772  lcd_grph.o(.text)
    lcd_putChar                              0x00002ba0   ARM Code     236  lcd_grph.o(.text)
    lcd_putString                            0x00002c8c   ARM Code      88  lcd_grph.o(.text)
    lcd_fontColor                            0x00002ce4   ARM Code      20  lcd_grph.o(.text)
    lcd_picture                              0x00002cf8   ARM Code     104  lcd_grph.o(.text)
    HSVtoRGB                                 0x00002d60   ARM Code     388  lcd_grph.o(.text)
    HSVto16BIT                               0x00002ee4   ARM Code     104  lcd_grph.o(.text)
    lcd_putVelChar                           0x00002f4c   ARM Code     244  lcd_grph.o(.text)
    lcd_putVelString                         0x00003040   ARM Code      88  lcd_grph.o(.text)
    lcd_putVelLabelChar                      0x00003098   ARM Code     248  lcd_grph.o(.text)
    lcd_putVelLabelString                    0x00003190   ARM Code      88  lcd_grph.o(.text)
    lcd_putBrakeLabelChar                    0x000031e8   ARM Code     248  lcd_grph.o(.text)
    lcd_putBrakeLabelString                  0x000032e0   ARM Code      88  lcd_grph.o(.text)
    lcdSetColorFormat                        0x00003a5c   ARM Code      92  lcd_hw.o(.text)
    lcdSetBacklight                          0x00003ab8   ARM Code      52  lcd_hw.o(.text)
    lcdSetBpp                                0x00003aec   ARM Code     292  lcd_hw.o(.text)
    lcdTurnOn                                0x00003c10   ARM Code      68  lcd_hw.o(.text)
    lcdInit                                  0x00003c54   ARM Code      48  lcd_hw.o(.text)
    lcd_rectangle_thickness                  0x00003cd4   ARM Code     112  lcd_main.o(.text)
    lcd_labels                               0x00003d44   ARM Code     492  lcd_main.o(.text)
    lcd_borders                              0x00003f30   ARM Code     272  lcd_main.o(.text)
    init_lcd                                 0x00004040   ARM Code      44  lcd_main.o(.text)
    lcd_circle_thickness                     0x0000406c   ARM Code      80  lcd_main.o(.text)
    lcd_max_vel_on                           0x000040bc   ARM Code     108  lcd_main.o(.text)
    lcd_max_vel_off                          0x00004128   ARM Code     108  lcd_main.o(.text)
    lcd_dms_on                               0x00004194   ARM Code     108  lcd_main.o(.text)
    lcd_dms_off                              0x00004200   ARM Code     108  lcd_main.o(.text)
    reverse_string                           0x0000426c   ARM Code      64  lcd_main.o(.text)
    integer_to_string                        0x000042ac   ARM Code     212  lcd_main.o(.text)
    lcd_sd_on                                0x00004380   ARM Code     312  lcd_main.o(.text)
    lcd_brake_on                             0x000044b8   ARM Code     124  lcd_main.o(.text)
    lcd_stops_on                             0x00004534   ARM Code     268  lcd_main.o(.text)
    lcd_throttle_minus_on                    0x00004640   ARM Code     220  lcd_main.o(.text)
    lcd_throttle_plus_on                     0x0000471c   ARM Code     196  lcd_main.o(.text)
    lcd_velocity_on                          0x000047e0   ARM Code     124  lcd_main.o(.text)
    lcd_active_backlight_on                  0x0000485c   ARM Code      32  lcd_main.o(.text)
    lcd_brake_off                            0x0000487c   ARM Code     124  lcd_main.o(.text)
    lcd_stops_off                            0x000048f8   ARM Code     268  lcd_main.o(.text)
    lcd_throttle_minus_off                   0x00004a04   ARM Code     176  lcd_main.o(.text)
    lcd_throttle_plus_off                    0x00004ab4   ARM Code     196  lcd_main.o(.text)
    lcd_velocity_off                         0x00004b78   ARM Code     124  lcd_main.o(.text)
    lcd_standby_backlight_off                0x00004bf4   ARM Code      32  lcd_main.o(.text)
    lcd_run                                  0x00004c14   ARM Code     768  lcd_main.o(.text)
    sdramInit                                0x00004f28   ARM Code     472  sdram.o(.text)
    store_data                               0x0000511c   ARM Code      52  access_data.o(.text)
    access_velocity                          0x00005150   ARM Code      24  access_data.o(.text)
    access_velocity_setpoint                 0x00005168   ARM Code      24  access_data.o(.text)
    access_brake_state                       0x00005180   ARM Code      24  access_data.o(.text)
    access_dms_state                         0x00005198   ARM Code      24  access_data.o(.text)
    srand                                    0x000051b5   Thumb Code    48  rand.o(.text)
    _rand_init                               0x000051e5   Thumb Code     4  rand.o(.text)
    Inline ARM to Thumb Veneer to strlen     0x000051f4   ARM Code       8  strlen.o(.text)
    strlen                                   0x000051fd   Thumb Code    64  strlen.o(.text)
    __aeabi_memcpy                           0x00005240   ARM Code       0  rt_memcpy.o(.text)
    __rt_memcpy                              0x00005240   ARM Code     212  rt_memcpy.o(.text)
    _memcpy_lastbytes                        0x000052f4   ARM Code       0  rt_memcpy.o(.text)
    __aeabi_memcpy4                          0x00005314   ARM Code       0  rt_memcpy_w.o(.text)
    __aeabi_memcpy8                          0x00005314   ARM Code       0  rt_memcpy_w.o(.text)
    __rt_memcpy_w                            0x00005314   ARM Code     100  rt_memcpy_w.o(.text)
    _memcpy_lastbytes_aligned                0x00005360   ARM Code       0  rt_memcpy_w.o(.text)
    __aeabi_memset                           0x00005378   ARM Code      16  aeabi_memset.o(.text)
    __aeabi_idiv                             0x00005388   ARM Code       0  aeabi_sdiv.o(.text)
    __aeabi_idivmod                          0x00005388   ARM Code     384  aeabi_sdiv.o(.text)
    __use_two_region_memory                  0x00005509   Thumb Code     2  heapauxi.o(.text)
    __rt_heap_escrow$2region                 0x0000550b   Thumb Code     2  heapauxi.o(.text)
    __rt_heap_expand$2region                 0x0000550d   Thumb Code     2  heapauxi.o(.text)
    __aeabi_memclr                           0x00005510   ARM Code       0  rt_memclr.o(.text)
    __rt_memclr                              0x00005510   ARM Code      64  rt_memclr.o(.text)
    _memset                                  0x00005514   ARM Code       0  rt_memclr.o(.text)
    __aeabi_memclr4                          0x00005550   ARM Code       0  rt_memclr_w.o(.text)
    __aeabi_memclr8                          0x00005550   ARM Code       0  rt_memclr_w.o(.text)
    __rt_memclr_w                            0x00005550   ARM Code      84  rt_memclr_w.o(.text)
    _memset_w                                0x00005554   ARM Code       0  rt_memclr_w.o(.text)
    __user_setup_stackheap                   0x000055a4   ARM Code      96  sys_stackheap_outer.o(.text)
    exit                                     0x00005605   Thumb Code    12  exit.o(.text)
    __user_libspace                          0x00005610   ARM Code      12  libspace.o(.text)
    __user_perproc_libspace                  0x00005610   ARM Code       0  libspace.o(.text)
    __user_perthread_libspace                0x00005610   ARM Code       0  libspace.o(.text)
    Inline ARM to Thumb Veneer to _sys_exit  0x0000561c   ARM Code       8  sys_exit.o(.text)
    _sys_exit                                0x00005625   Thumb Code     8  sys_exit.o(.text)
    __I$use$semihosting                      0x00005630   ARM Code       0  use_no_semi.o(.text)
    __use_no_semihosting_swi                 0x00005630   ARM Code       4  use_no_semi.o(.text)
    __rt_fp_status_addr                      0x00005634   ARM Code      12  rt_fp_status_addr_intlibspace.o(.text)
    __semihosting_library_function           0x00005634   ARM Code       0  indicate_semi.o(.text)
    __aeabi_uidiv                            0x00005640   ARM Code       0  aeabi_sdiv.o(.text_udiv)
    __aeabi_uidivmod                         0x00005640   ARM Code      36  aeabi_sdiv.o(.text_udiv)
    store                                    0x00005664   ARM Code       4  data_management.o(store_data)
    view_vel                                 0x0000566c   ARM Code       4  data_management.o(store_data)
    view_vel_setpoint                        0x00005674   ARM Code       4  data_management.o(store_data)
    view_brake                               0x0000567c   ARM Code       4  data_management.o(store_data)
    view_dms                                 0x00005684   ARM Code       4  data_management.o(store_data)
    __aeabi_dadd                             0x0000568c   ARM Code       0  daddsub_noclz.o(x$fpl$dadd)
    _dadd                                    0x0000568c   ARM Code     336  daddsub_noclz.o(x$fpl$dadd)
    __aeabi_ddiv                             0x000057e0   ARM Code       0  ddiv.o(x$fpl$ddiv)
    _ddiv                                    0x000057e0   ARM Code     600  ddiv.o(x$fpl$ddiv)
    __aeabi_d2iz                             0x00005ac0   ARM Code       0  dfix.o(x$fpl$dfix)
    _dfix                                    0x00005ac0   ARM Code     112  dfix.o(x$fpl$dfix)
    __aeabi_d2uiz                            0x00005b30   ARM Code       0  dfixu.o(x$fpl$dfixu)
    _dfixu                                   0x00005b30   ARM Code     112  dfixu.o(x$fpl$dfixu)
    __aeabi_i2d                              0x00005ba0   ARM Code       0  dflt_noclz.o(x$fpl$dflt)
    _dflt                                    0x00005ba0   ARM Code      88  dflt_noclz.o(x$fpl$dflt)
    __dflt_normalise                         0x00005bb0   ARM Code       0  dflt_noclz.o(x$fpl$dflt)
    __aeabi_ui2d                             0x00005bf8   ARM Code       0  dflt_noclz.o(x$fpl$dfltu)
    _dfltu                                   0x00005bf8   ARM Code      12  dflt_noclz.o(x$fpl$dfltu)
    __aeabi_dmul                             0x00005c04   ARM Code       0  dmul.o(x$fpl$dmul)
    _dmul                                    0x00005c04   ARM Code     372  dmul.o(x$fpl$dmul)
    __fpl_dnaninf                            0x00005d84   ARM Code     192  dnaninf.o(x$fpl$dnaninf)
    __fpl_dretinf                            0x00005e44   ARM Code      16  dretinf.o(x$fpl$dretinf)
    __aeabi_dsub                             0x00005e54   ARM Code       0  daddsub_noclz.o(x$fpl$dsub)
    _dsub                                    0x00005e54   ARM Code     576  daddsub_noclz.o(x$fpl$dsub)
    __fpl_fcmp_Inf                           0x00006098   ARM Code      28  fcmpi.o(x$fpl$fcmpinf)
    __aeabi_cfcmpeq                          0x000060b4   ARM Code       0  feqf.o(x$fpl$feqf)
    _fcmpeq                                  0x000060b4   ARM Code     132  feqf.o(x$fpl$feqf)
    __aeabi_f2uiz                            0x00006138   ARM Code       0  ffixu.o(x$fpl$ffixu)
    _ffixu                                   0x00006138   ARM Code      84  ffixu.o(x$fpl$ffixu)
    __aeabi_cfcmple                          0x0000618c   ARM Code       0  fleqf.o(x$fpl$fleqf)
    _fcmple                                  0x0000618c   ARM Code     132  fleqf.o(x$fpl$fleqf)
    __fpl_fcmple_InfNaN                      0x000061f8   ARM Code       0  fleqf.o(x$fpl$fleqf)
    __aeabi_fmul                             0x00006210   ARM Code       0  fmul.o(x$fpl$fmul)
    _fmul                                    0x00006210   ARM Code     256  fmul.o(x$fpl$fmul)
    __fpl_fnaninf                            0x00006310   ARM Code     168  fnaninf.o(x$fpl$fnaninf)
    Inline Thumb to ARM Veneer to _fp_init   0x000063b9   Thumb Code     4  fpinit.o(x$fpl$fpinit)
    _fp_init                                 0x000063bc   ARM Code      24  fpinit.o(x$fpl$fpinit)
    __fplib_config_pureend_doubles           0x000063cc   ARM Code       0  fpinit.o(x$fpl$fpinit)
    __fpl_fretinf                            0x000063d4   ARM Code      16  fretinf.o(x$fpl$fretinf)
    __aeabi_cfrcmple                         0x000063e4   ARM Code       0  frleqf.o(x$fpl$frleqf)
    _frcmple                                 0x000063e4   ARM Code     124  frleqf.o(x$fpl$frleqf)
    __I$use$fp                               0x00006460   ARM Code       0  usenofp.o(x$fpl$usenofp)
    font5x7                                  0x00006460   Data         768  font5x7.o(.constdata)
    fontBrakeLabel                           0x00006760   Data         120  fontbrakelabel.o(.constdata)
    fontVel                                  0x000067d8   Data        5280  fontvel.o(.constdata)
    fontVelLabel                             0x00007c78   Data         304  fontvellabel.o(.constdata)
    Region$$Table$$Base                      0x00007e10   Number         0  anon$$obj.o(Region$$Table)
    Region$$Table$$Limit                     0x00007e30   Number         0  anon$$obj.o(Region$$Table)
    MMCStatus                                0x40000032   Data           1  spi_mmc.o(.data)
    MMCCmd                                   0x40000033   Data           6  spi_mmc.o(.data)
    light_rail                               0x40000058   Data          12  master_controller.o(.bss)
    speed_limit_data                         0x4000007c   Data          30  speed_limit.o(.bss)
    MMCWRData                                0x4000009a   Data         512  spi_mmc.o(.bss)
    MMCRDData                                0x4000029a   Data         512  spi_mmc.o(.bss)
    _random_number_data                      0x4000049c   Data         228  rand.o(.bss)
    __libspace_start                         0x40000580   Data          96  libspace.o(.bss)
    __temporary_stack_top$libspace           0x400005e0   Data           0  libspace.o(.bss)



==============================================================================

Memory Map of the image

  Image Entry point : 0x0000034c

  Load Region LR_IROM1 (Base: 0x00000000, Size: 0x00007e88, Max: 0x00080000, ABSOLUTE)

    Execution Region ER_IROM1 (Base: 0x00000000, Size: 0x00007e30, Max: 0x00080000, ABSOLUTE)

    Base Addr    Size         Type   Attr      Idx    E Section Name        Object

    0x00000000   0x0000034c   Code   RO            3    RESET               lpc2400.o
    0x0000034c   0x00000008   Code   RO          483  * !!!main             c_t.l(__main.o)
    0x00000354   0x0000003c   Code   RO          703    !!!scatter          c_t.l(__scatter.o)
    0x00000390   0x00000028   Code   RO          705    !!handler_copy      c_t.l(__scatter_copy.o)
    0x000003b8   0x0000002c   Code   RO          707    !!handler_zi        c_t.l(__scatter_zi.o)
    0x000003e4   0x00000008   Ven    RO          618    .ARM.Collect$$libinit$$00000000  c_t.l(libinit.o)
    0x000003ec   0x00000006   Code   RO          618    .ARM.Collect$$libinit$$00000000  c_t.l(libinit.o)
    0x000003f2   0x00000000   Code   RO          530    .ARM.Collect$$libinit$$00000006  c_t.l(libinit2.o)
    0x000003f2   0x00000000   Code   RO          532    .ARM.Collect$$libinit$$00000008  c_t.l(libinit2.o)
    0x000003f2   0x00000004   Code   RO          533    .ARM.Collect$$libinit$$00000009  c_t.l(libinit2.o)
    0x000003f6   0x00000000   Code   RO          534    .ARM.Collect$$libinit$$0000000A  c_t.l(libinit2.o)
    0x000003f6   0x00000000   Code   RO          537    .ARM.Collect$$libinit$$0000000D  c_t.l(libinit2.o)
    0x000003f6   0x00000000   Code   RO          539    .ARM.Collect$$libinit$$0000000F  c_t.l(libinit2.o)
    0x000003f6   0x00000000   Code   RO          541    .ARM.Collect$$libinit$$00000011  c_t.l(libinit2.o)
    0x000003f6   0x00000000   Code   RO          543    .ARM.Collect$$libinit$$00000013  c_t.l(libinit2.o)
    0x000003f6   0x00000000   Code   RO          545    .ARM.Collect$$libinit$$00000015  c_t.l(libinit2.o)
    0x000003f6   0x00000000   Code   RO          547    .ARM.Collect$$libinit$$00000017  c_t.l(libinit2.o)
    0x000003f6   0x00000000   Code   RO          549    .ARM.Collect$$libinit$$00000019  c_t.l(libinit2.o)
    0x000003f6   0x00000000   Code   RO          551    .ARM.Collect$$libinit$$0000001B  c_t.l(libinit2.o)
    0x000003f6   0x00000000   Code   RO          553    .ARM.Collect$$libinit$$0000001D  c_t.l(libinit2.o)
    0x000003f6   0x00000000   Code   RO          555    .ARM.Collect$$libinit$$0000001F  c_t.l(libinit2.o)
    0x000003f6   0x00000000   Code   RO          557    .ARM.Collect$$libinit$$00000021  c_t.l(libinit2.o)
    0x000003f6   0x00000000   Code   RO          561    .ARM.Collect$$libinit$$00000028  c_t.l(libinit2.o)
    0x000003f6   0x00000000   Code   RO          563    .ARM.Collect$$libinit$$0000002A  c_t.l(libinit2.o)
    0x000003f6   0x00000000   Code   RO          565    .ARM.Collect$$libinit$$0000002C  c_t.l(libinit2.o)
    0x000003f6   0x00000000   Code   RO          567    .ARM.Collect$$libinit$$0000002E  c_t.l(libinit2.o)
    0x000003f6   0x0000000c   Code   RO          568    .ARM.Collect$$libinit$$0000002F  c_t.l(libinit2.o)
    0x00000402   0x00000002   PAD
    0x00000404   0x00000008   Ven    RO          671    .ARM.Collect$$libshutdown$$00000000  c_t.l(libshutdown.o)
    0x0000040c   0x00000004   Code   RO          671    .ARM.Collect$$libshutdown$$00000000  c_t.l(libshutdown.o)
    0x00000410   0x00000000   Code   RO          688    .ARM.Collect$$libshutdown$$00000003  c_t.l(libshutdown2.o)
    0x00000410   0x00000000   Code   RO          691    .ARM.Collect$$libshutdown$$00000006  c_t.l(libshutdown2.o)
    0x00000410   0x00000000   Code   RO          694    .ARM.Collect$$libshutdown$$00000009  c_t.l(libshutdown2.o)
    0x00000410   0x00000000   Code   RO          696    .ARM.Collect$$libshutdown$$0000000B  c_t.l(libshutdown2.o)
    0x00000410   0x00000000   Code   RO          699    .ARM.Collect$$libshutdown$$0000000E  c_t.l(libshutdown2.o)
    0x00000410   0x00000006   Code   RO          700    .ARM.Collect$$libshutdown$$0000000F  c_t.l(libshutdown2.o)
    0x00000416   0x00000002   PAD
    0x00000418   0x00000000   Code   RO          521    .ARM.Collect$$rtentry$$00000000  c_t.l(rtentry.o)
    0x00000418   0x00000000   Code   RO          581    .ARM.Collect$$rtentry$$00000002  c_t.l(rtentry2.o)
    0x00000418   0x00000008   Code   RO          593    .ARM.Collect$$rtentry$$00000004  c_t.l(rtentry4.o)
    0x00000420   0x00000000   Code   RO          583    .ARM.Collect$$rtentry$$00000009  c_t.l(rtentry2.o)
    0x00000420   0x00000004   Code   RO          584    .ARM.Collect$$rtentry$$0000000A  c_t.l(rtentry2.o)
    0x00000424   0x00000000   Code   RO          586    .ARM.Collect$$rtentry$$0000000C  c_t.l(rtentry2.o)
    0x00000424   0x00000028   Code   RO          587    .ARM.Collect$$rtentry$$0000000D  c_t.l(rtentry2.o)
    0x0000044c   0x00000004   Ven    RO          624    .ARM.Collect$$rtexit$$00000000  c_t.l(rtexit.o)
    0x00000450   0x00000004   Code   RO          624    .ARM.Collect$$rtexit$$00000000  c_t.l(rtexit.o)
    0x00000454   0x00000000   Code   RO          646    .ARM.Collect$$rtexit$$00000002  c_t.l(rtexit2.o)
    0x00000454   0x00000004   Code   RO          647    .ARM.Collect$$rtexit$$00000003  c_t.l(rtexit2.o)
    0x00000458   0x00000008   Code   RO          648    .ARM.Collect$$rtexit$$00000004  c_t.l(rtexit2.o)
    0x00000460   0x00000008   Ven    RO          452    .emb_text           c_t.l(rand.o)
    0x00000468   0x00000038   Code   RO          452    .emb_text           c_t.l(rand.o)
    0x000004a0   0x00000020   Code   RO            4    .text               lpc2400.o
    0x000004c0   0x000000dc   Code   RO           11    .text               master_controller.o
    0x0000059c   0x00000210   Code   RO           96    .text               fixed_point_pid.o
    0x000007ac   0x00000434   Code   RO          108    .text               motion_controller.o
    0x00000be0   0x0000005c   Code   RO          137    .text               speed_limit.o
    0x00000c3c   0x00000308   Code   RO          152    .text               system_init.o
    0x00000f44   0x00000294   Code   RO          172    .text               system_timer.o
    0x000011d8   0x00000170   Code   RO          190    .text               diagnostics.o
    0x00001348   0x0000038c   Code   RO          208    .text               spi_mmc.o
    0x000016d4   0x00000034   Code   RO          230    .text               delay.o
    0x00001708   0x00000210   Code   RO          239    .text               button_press.o
    0x00001918   0x00000154   Code   RO          257    .text               touch.o
    0x00001a6c   0x0000011c   Code   RO          272    .text               touch_screen_read.o
    0x00001b88   0x000017cc   Code   RO          337    .text               lcd_grph.o
    0x00003354   0x00000980   Code   RO          374    .text               lcd_hw.o
    0x00003cd4   0x00001254   Code   RO          389    .text               lcd_main.o
    0x00004f28   0x000001f4   Code   RO          408    .text               sdram.o
    0x0000511c   0x00000098   Code   RO          423    .text               access_data.o
    0x000051b4   0x00000040   Code   RO          453    .text               c_t.l(rand.o)
    0x000051f4   0x00000008   Ven    RO          457    .text               c_t.l(strlen.o)
    0x000051fc   0x00000044   Code   RO          457    .text               c_t.l(strlen.o)
    0x00005240   0x000000d4   Code   RO          459    .text               c_t.l(rt_memcpy.o)
    0x00005314   0x00000064   Code   RO          461    .text               c_t.l(rt_memcpy_w.o)
    0x00005378   0x00000010   Code   RO          463    .text               c_t.l(aeabi_memset.o)
    0x00005388   0x00000180   Code   RO          465    .text               c_t.l(aeabi_sdiv.o)
    0x00005508   0x00000006   Code   RO          481    .text               c_t.l(heapauxi.o)
    0x0000550e   0x00000002   PAD
    0x00005510   0x00000040   Code   RO          526    .text               c_t.l(rt_memclr.o)
    0x00005550   0x00000054   Code   RO          597    .text               c_t.l(rt_memclr_w.o)
    0x000055a4   0x00000060   Code   RO          601    .text               c_t.l(sys_stackheap_outer.o)
    0x00005604   0x0000000c   Code   RO          603    .text               c_t.l(exit.o)
    0x00005610   0x0000000c   Code   RO          621    .text               c_t.l(libspace.o)
    0x0000561c   0x00000008   Ven    RO          640    .text               c_t.l(sys_exit.o)
    0x00005624   0x0000000c   Code   RO          640    .text               c_t.l(sys_exit.o)
    0x00005630   0x00000004   Code   RO          642    .text               c_t.l(use_no_semi.o)
    0x00005634   0x00000000   Code   RO          644    .text               c_t.l(indicate_semi.o)
    0x00005634   0x0000000c   Code   RO          655    .text               c_t.l(rt_fp_status_addr_intlibspace.o)
    0x00005640   0x00000024   Code   RO          466    .text_udiv          c_t.l(aeabi_sdiv.o)
    0x00005664   0x00000028   Code   RO          441    store_data          data_management.o
    0x0000568c   0x00000154   Code   RO          485    x$fpl$dadd          fz_ts.l(daddsub_noclz.o)
    0x000057e0   0x000002e0   Code   RO          492    x$fpl$ddiv          fz_ts.l(ddiv.o)
    0x00005ac0   0x00000070   Code   RO          495    x$fpl$dfix          fz_ts.l(dfix.o)
    0x00005b30   0x00000070   Code   RO          499    x$fpl$dfixu         fz_ts.l(dfixu.o)
    0x00005ba0   0x00000058   Code   RO          504    x$fpl$dflt          fz_ts.l(dflt_noclz.o)
    0x00005bf8   0x0000000c   Code   RO          503    x$fpl$dfltu         fz_ts.l(dflt_noclz.o)
    0x00005c04   0x00000180   Code   RO          507    x$fpl$dmul          fz_ts.l(dmul.o)
    0x00005d84   0x000000c0   Code   RO          569    x$fpl$dnaninf       fz_ts.l(dnaninf.o)
    0x00005e44   0x00000010   Code   RO          571    x$fpl$dretinf       fz_ts.l(dretinf.o)
    0x00005e54   0x00000244   Code   RO          487    x$fpl$dsub          fz_ts.l(daddsub_noclz.o)
    0x00006098   0x0000001c   Code   RO          573    x$fpl$fcmpinf       fz_ts.l(fcmpi.o)
    0x000060b4   0x00000084   Code   RO          509    x$fpl$feqf          fz_ts.l(feqf.o)
    0x00006138   0x00000054   Code   RO          511    x$fpl$ffixu         fz_ts.l(ffixu.o)
    0x0000618c   0x00000084   Code   RO          515    x$fpl$fleqf         fz_ts.l(fleqf.o)
    0x00006210   0x00000100   Code   RO          517    x$fpl$fmul          fz_ts.l(fmul.o)
    0x00006310   0x000000a8   Code   RO          575    x$fpl$fnaninf       fz_ts.l(fnaninf.o)
    0x000063b8   0x00000004   Ven    RO          638    x$fpl$fpinit        fz_ts.l(fpinit.o)
    0x000063bc   0x00000018   Code   RO          638    x$fpl$fpinit        fz_ts.l(fpinit.o)
    0x000063d4   0x00000010   Code   RO          577    x$fpl$fretinf       fz_ts.l(fretinf.o)
    0x000063e4   0x0000007c   Code   RO          519    x$fpl$frleqf        fz_ts.l(frleqf.o)
    0x00006460   0x00000000   Code   RO          579    x$fpl$usenofp       fz_ts.l(usenofp.o)
    0x00006460   0x00000300   Data   RO          289    .constdata          font5x7.o
    0x00006760   0x00000078   Data   RO          301    .constdata          fontbrakelabel.o
    0x000067d8   0x000014a0   Data   RO          313    .constdata          fontvel.o
    0x00007c78   0x00000130   Data   RO          325    .constdata          fontvellabel.o
    0x00007da8   0x00000008   Data   RO          338    .constdata          lcd_grph.o
    0x00007db0   0x00000060   Data   RO          390    .constdata          lcd_main.o
    0x00007e10   0x00000020   Data   RO          701    Region$$Table       anon$$obj.o


    Execution Region RW_IRAM1 (Base: 0x40000000, Size: 0x00000ae8, Max: 0x00010000, ABSOLUTE)

    Base Addr    Size         Type   Attr      Idx    E Section Name        Object

    0x40000000   0x0000001e   Data   RW          110    .data               motion_controller.o
    0x4000001e   0x0000001b   Data   RW          210    .data               spi_mmc.o
    0x40000039   0x00000001   PAD
    0x4000003a   0x00000004   Data   RW          339    .data               lcd_grph.o
    0x4000003e   0x00000002   PAD
    0x40000040   0x00000018   Data   RW          391    .data               lcd_main.o
    0x40000058   0x0000000c   Zero   RW           12    .bss                master_controller.o
    0x40000064   0x00000018   Zero   RW          109    .bss                motion_controller.o
    0x4000007c   0x0000001e   Zero   RW          138    .bss                speed_limit.o
    0x4000009a   0x00000400   Zero   RW          209    .bss                spi_mmc.o
    0x4000049a   0x00000002   PAD
    0x4000049c   0x000000e4   Zero   RW          454    .bss                c_t.l(rand.o)
    0x40000580   0x00000060   Zero   RW          622    .bss                c_t.l(libspace.o)
    0x400005e0   0x00000000   Zero   RW            2    HEAP                lpc2400.o
    0x400005e0   0x00000508   Zero   RW            1    STACK               lpc2400.o


==============================================================================

Image component sizes


      Code (inc. data)   RO Data    RW Data    ZI Data      Debug   Object Name

       152          4          0          0          0       1354   access_data.o
       528         12          0          0          0       1917   button_press.o
        40          0          0          0          0        272   data_management.o
        52          4          0          0          0        521   delay.o
       368         12          0          0          0       2595   diagnostics.o
       528         16          0          0          0       1962   fixed_point_pid.o
         0          0        768          0          0        626   font5x7.o
         0          0        120          0          0        605   fontbrakelabel.o
         0          0       5280          0          0        566   fontvel.o
         0          0        304          0          0        595   fontvellabel.o
      6092         28          8          4          0      15124   lcd_grph.o
      2432         80          0          0          0       3260   lcd_hw.o
      4692        144         96         24          0       6389   lcd_main.o
       876        108          0          0       1288        708   lpc2400.o
       220          4          0          0         12       9324   master_controller.o
      1076         52          0         30         24       2753   motion_controller.o
       500         28          0          0          0        724   sdram.o
        92          4          0          0         30       1232   speed_limit.o
       908         28          0         27       1024       2306   spi_mmc.o
       776         20          0          0          0       1333   system_init.o
       660         24          0          0          0       3023   system_timer.o
       340         16          0          0          0       1099   touch.o
       284         12          0          0          0       1095   touch_screen_read.o

    ----------------------------------------------------------------------
     20616        596       6608         88       2380      59383   Object Totals
         0          0         32          0          0          0   (incl. Generated)
         0          0          0          3          2          0   (incl. Padding)

    ----------------------------------------------------------------------

      Code (inc. data)   RO Data    RW Data    ZI Data      Debug   Library Member Name

         8          0          0          0          0         68   __main.o
        60          8          0          0          0          0   __scatter.o
        40          0          0          0          0          0   __scatter_copy.o
        44          0          0          0          0          0   __scatter_zi.o
        16          0          0          0          0         68   aeabi_memset.o
       420          0          0          0          0        148   aeabi_sdiv.o
        12          0          0          0          0         64   exit.o
         6          0          0          0          0        136   heapauxi.o
         0          0          0          0          0          0   indicate_semi.o
        14          0          0          0          0          0   libinit.o
        16          0          0          0          0          0   libinit2.o
        12          0          0          0          0          0   libshutdown.o
         6          0          0          0          0          0   libshutdown2.o
        12          4          0          0         96         68   libspace.o
       128         16          0          0        228        156   rand.o
        12          4          0          0          0         68   rt_fp_status_addr_intlibspace.o
        64          0          0          0          0         68   rt_memclr.o
        84          0          0          0          0         80   rt_memclr_w.o
       212          0          0          0          0         68   rt_memcpy.o
       100          0          0          0          0         80   rt_memcpy_w.o
         0          0          0          0          0          0   rtentry.o
        44          4          0          0          0          0   rtentry2.o
         8          0          0          0          0          0   rtentry4.o
         8          0          0          0          0          0   rtexit.o
        12          0          0          0          0          0   rtexit2.o
        76          4          0          0          0         76   strlen.o
        20          4          0          0          0         60   sys_exit.o
        96          0          0          0          0         80   sys_stackheap_outer.o
         4          0          0          0          0         68   use_no_semi.o
       920         16          0          0          0        296   daddsub_noclz.o
       736        140          0          0          0        232   ddiv.o
       112          4          0          0          0         92   dfix.o
       112          4          0          0          0         92   dfixu.o
       100          0          0          0          0        136   dflt_noclz.o
       384         16          0          0          0        124   dmul.o
       192          0          0          0          0        108   dnaninf.o
        16          0          0          0          0         68   dretinf.o
        28          0          0          0          0         68   fcmpi.o
       132          4          0          0          0         84   feqf.o
        84          4          0          0          0         84   ffixu.o
       132          4          0          0          0         84   fleqf.o
       256          4          0          0          0         84   fmul.o
       168          0          0          0          0        100   fnaninf.o
        28          0          0          0          0         80   fpinit.o
        16          0          0          0          0         68   fretinf.o
       124          0          0          0          0         68   frleqf.o
         0          0          0          0          0          0   usenofp.o

    ----------------------------------------------------------------------
      5080        240          0          0        324       3224   Library Totals
         6          0          0          0          0          0   (incl. Padding)

    ----------------------------------------------------------------------

      Code (inc. data)   RO Data    RW Data    ZI Data      Debug   Library Name

      1534         44          0          0        324       1356   c_t.l
      3540        196          0          0          0       1868   fz_ts.l

    ----------------------------------------------------------------------
      5080        240          0          0        324       3224   Library Totals

    ----------------------------------------------------------------------

==============================================================================


      Code (inc. data)   RO Data    RW Data    ZI Data      Debug   

     25696        836       6608         88       2704      59675   Grand Totals
     25696        836       6608         88       2704      59675   ELF Image Totals
     25696        836       6608         88          0          0   ROM Totals

==============================================================================

    Total RO  Size (Code + RO Data)                32304 (  31.55kB)
    Total RW  Size (RW Data + ZI Data)              2792 (   2.73kB)
    Total ROM Size (Code + RO Data + RW Data)      32392 (  31.63kB)

==============================================================================

