ARM Linker, 4.1 [Build 894] [Evaluation]

==============================================================================

Section Cross References

    lpc2400.o(STACK) refers (Special) to heapauxi.o(.text) for __use_two_region_memory
    lpc2400.o(HEAP) refers (Special) to heapauxi.o(.text) for __use_two_region_memory
    lpc2400.o(RESET) refers (Special) to heapauxi.o(.text) for __use_two_region_memory
    lpc2400.o(RESET) refers to lpc2400.o(STACK) for Stack_Top
    lpc2400.o(RESET) refers to __main.o(!!!main) for __main
    lpc2400.o(.text) refers (Special) to heapauxi.o(.text) for __use_two_region_memory
    lpc2400.o(.text) refers to lpc2400.o(HEAP) for Heap_Mem
    lpc2400.o(.text) refers to lpc2400.o(STACK) for Stack_Mem
    master_controller.o(.text) refers to system_init.o(.text) for init_pll
    master_controller.o(.text) refers to motion_controller.o(.text) for start_controller
    fixed_point_pid.o(.text) refers to frleqf.o(x$fpl$frleqf) for __aeabi_cfrcmple
    fixed_point_pid.o(.text) refers to fleqf.o(x$fpl$fleqf) for __aeabi_cfcmple
    fixed_point_pid.o(.text) refers to fmul.o(x$fpl$fmul) for __aeabi_fmul
    fixed_point_pid.o(.text) refers to ffixu.o(x$fpl$ffixu) for __aeabi_f2uiz
    fixed_point_pid.o(.text) refers to feqf.o(x$fpl$feqf) for __aeabi_cfcmpeq
    fixed_point_pid.o(.text) refers to rt_memclr_w.o(.text) for __aeabi_memclr4
    motion_controller.o(.text) refers to fixed_point_pid.o(.text) for init_controller
    motion_controller.o(.text) refers to system_timer.o(.text) for init_timer3
    motion_controller.o(.text) refers to motion_controller.o(.data) for result
    __main.o(!!!main) refers to rtentry.o(.ARM.Collect$$rtentry$$00000000) for __rt_entry
    feqf.o(x$fpl$feqf) refers (Special) to usenofp.o(x$fpl$usenofp) for __I$use$fp
    feqf.o(x$fpl$feqf) refers to fnaninf.o(x$fpl$fnaninf) for __fpl_fnaninf
    feqf.o(x$fpl$feqf) refers to fcmpi.o(x$fpl$fcmpinf) for __fpl_fcmp_Inf
    ffixu.o(x$fpl$ffixu) refers (Special) to usenofp.o(x$fpl$usenofp) for __I$use$fp
    ffixu.o(x$fpl$ffixu) refers to fnaninf.o(x$fpl$fnaninf) for __fpl_fnaninf
    ffixu.o(x$fpl$ffixur) refers (Special) to usenofp.o(x$fpl$usenofp) for __I$use$fp
    ffixu.o(x$fpl$ffixur) refers to fnaninf.o(x$fpl$fnaninf) for __fpl_fnaninf
    fleqf.o(x$fpl$fleqf) refers (Special) to usenofp.o(x$fpl$usenofp) for __I$use$fp
    fleqf.o(x$fpl$fleqf) refers to fnaninf.o(x$fpl$fnaninf) for __fpl_fnaninf
    fleqf.o(x$fpl$fleqf) refers to fcmpi.o(x$fpl$fcmpinf) for __fpl_fcmp_Inf
    fmul.o(x$fpl$fmul) refers (Special) to usenofp.o(x$fpl$usenofp) for __I$use$fp
    fmul.o(x$fpl$fmul) refers to fretinf.o(x$fpl$fretinf) for __fpl_fretinf
    fmul.o(x$fpl$fmul) refers to fnaninf.o(x$fpl$fnaninf) for __fpl_fnaninf
    frleqf.o(x$fpl$frleqf) refers (Special) to usenofp.o(x$fpl$usenofp) for __I$use$fp
    frleqf.o(x$fpl$frleqf) refers to fleqf.o(x$fpl$fleqf) for __fpl_fcmple_InfNaN
    rtentry.o(.ARM.Collect$$rtentry$$00000000) refers (Special) to rtentry2.o(.ARM.Collect$$rtentry$$0000000A) for __rt_entry_li
    rtentry.o(.ARM.Collect$$rtentry$$00000000) refers (Special) to rtentry2.o(.ARM.Collect$$rtentry$$0000000D) for __rt_entry_main
    rtentry.o(.ARM.Collect$$rtentry$$00000000) refers (Special) to rtentry2.o(.ARM.Collect$$rtentry$$0000000C) for __rt_entry_postli_1
    rtentry.o(.ARM.Collect$$rtentry$$00000000) refers (Special) to rtentry2.o(.ARM.Collect$$rtentry$$00000009) for __rt_entry_postsh_1
    rtentry.o(.ARM.Collect$$rtentry$$00000000) refers (Special) to rtentry2.o(.ARM.Collect$$rtentry$$00000002) for __rt_entry_presh_1
    rtentry.o(.ARM.Collect$$rtentry$$00000000) refers (Special) to rtentry4.o(.ARM.Collect$$rtentry$$00000004) for __rt_entry_sh
    fcmpi.o(x$fpl$fcmpinf) refers (Special) to usenofp.o(x$fpl$usenofp) for __I$use$fp
    fnaninf.o(x$fpl$fnaninf) refers (Special) to usenofp.o(x$fpl$usenofp) for __I$use$fp
    fretinf.o(x$fpl$fretinf) refers (Special) to usenofp.o(x$fpl$usenofp) for __I$use$fp
    rtentry2.o(.ARM.Collect$$rtentry$$00000008) refers to boardinit2.o(.text) for _platform_post_stackheap_init
    rtentry2.o(.ARM.Collect$$rtentry$$0000000A) refers to libinit.o(.ARM.Collect$$libinit$$00000000) for __rt_lib_init
    rtentry2.o(.ARM.Collect$$rtentry$$0000000B) refers to boardinit3.o(.text) for _platform_post_lib_init
    rtentry2.o(.ARM.Collect$$rtentry$$0000000D) refers to exit.o(.text) for exit
    rtentry2.o(.ARM.Collect$$rtentry$$0000000D) refers to master_controller.o(.text) for main
    rtentry2.o(.ARM.exidx) refers to rtentry2.o(.ARM.Collect$$rtentry$$00000001) for .ARM.Collect$$rtentry$$00000001
    rtentry2.o(.ARM.exidx) refers to rtentry2.o(.ARM.Collect$$rtentry$$00000008) for .ARM.Collect$$rtentry$$00000008
    rtentry2.o(.ARM.exidx) refers to rtentry2.o(.ARM.Collect$$rtentry$$0000000A) for .ARM.Collect$$rtentry$$0000000A
    rtentry2.o(.ARM.exidx) refers to rtentry2.o(.ARM.Collect$$rtentry$$0000000B) for .ARM.Collect$$rtentry$$0000000B
    rtentry2.o(.ARM.exidx) refers to rtentry2.o(.ARM.Collect$$rtentry$$0000000D) for .ARM.Collect$$rtentry$$0000000D
    rtentry4.o(.ARM.Collect$$rtentry$$00000004) refers to sys_stackheap_outer.o(.text) for __user_setup_stackheap
    rtentry4.o(.ARM.exidx) refers to rtentry4.o(.ARM.Collect$$rtentry$$00000004) for .ARM.Collect$$rtentry$$00000004
    sys_stackheap_outer.o(.text) refers to libspace.o(.text) for __user_perproc_libspace
    sys_stackheap_outer.o(.text) refers to lpc2400.o(.text) for __user_initial_stackheap
    exit.o(.text) refers to rtexit.o(.ARM.Collect$$rtexit$$00000000) for __rt_exit
    libinit.o(.ARM.Collect$$libinit$$00000000) refers (Special) to libinit2.o(.ARM.Collect$$libinit$$0000002A) for __rt_lib_init_alloca_1
    libinit.o(.ARM.Collect$$libinit$$00000000) refers (Special) to libinit2.o(.ARM.Collect$$libinit$$00000028) for __rt_lib_init_argv_1
    libinit.o(.ARM.Collect$$libinit$$00000000) refers (Special) to libinit2.o(.ARM.Collect$$libinit$$00000017) for __rt_lib_init_atexit_1
    libinit.o(.ARM.Collect$$libinit$$00000000) refers (Special) to libinit2.o(.ARM.Collect$$libinit$$0000001D) for __rt_lib_init_clock_1
    libinit.o(.ARM.Collect$$libinit$$00000000) refers (Special) to libinit2.o(.ARM.Collect$$libinit$$0000002E) for __rt_lib_init_cpp_1
    libinit.o(.ARM.Collect$$libinit$$00000000) refers (Special) to libinit2.o(.ARM.Collect$$libinit$$0000002C) for __rt_lib_init_exceptions_1
    libinit.o(.ARM.Collect$$libinit$$00000000) refers (Special) to libinit2.o(.ARM.Collect$$libinit$$0000001B) for __rt_lib_init_fp_trap_1
    libinit.o(.ARM.Collect$$libinit$$00000000) refers (Special) to libinit2.o(.ARM.Collect$$libinit$$0000001F) for __rt_lib_init_getenv_1
    libinit.o(.ARM.Collect$$libinit$$00000000) refers (Special) to libinit2.o(.ARM.Collect$$libinit$$00000006) for __rt_lib_init_heap_1
    libinit.o(.ARM.Collect$$libinit$$00000000) refers (Special) to libinit2.o(.ARM.Collect$$libinit$$0000000D) for __rt_lib_init_lc_collate_1
    libinit.o(.ARM.Collect$$libinit$$00000000) refers (Special) to libinit2.o(.ARM.Collect$$libinit$$0000000F) for __rt_lib_init_lc_ctype_1
    libinit.o(.ARM.Collect$$libinit$$00000000) refers (Special) to libinit2.o(.ARM.Collect$$libinit$$00000011) for __rt_lib_init_lc_monetary_1
    libinit.o(.ARM.Collect$$libinit$$00000000) refers (Special) to libinit2.o(.ARM.Collect$$libinit$$00000013) for __rt_lib_init_lc_numeric_1
    libinit.o(.ARM.Collect$$libinit$$00000000) refers (Special) to libinit2.o(.ARM.Collect$$libinit$$00000015) for __rt_lib_init_lc_time_1
    libinit.o(.ARM.Collect$$libinit$$00000000) refers (Special) to libinit2.o(.ARM.Collect$$libinit$$0000000A) for __rt_lib_init_rand_1
    libinit.o(.ARM.Collect$$libinit$$00000000) refers (Special) to libinit2.o(.ARM.Collect$$libinit$$0000002F) for __rt_lib_init_return
    libinit.o(.ARM.Collect$$libinit$$00000000) refers (Special) to libinit2.o(.ARM.Collect$$libinit$$00000019) for __rt_lib_init_signal_1
    libinit.o(.ARM.Collect$$libinit$$00000000) refers (Special) to libinit2.o(.ARM.Collect$$libinit$$00000021) for __rt_lib_init_stdio_1
    libinit.o(.ARM.Collect$$libinit$$00000000) refers (Special) to libinit2.o(.ARM.Collect$$libinit$$00000008) for __rt_lib_init_user_alloc_1
    libinit.o(.ARM.Collect$$libinit$$00000000) refers to fpinit.o(x$fpl$fpinit) for _fp_init
    libspace.o(.text) refers to libspace.o(.bss) for __libspace_start
    rtexit.o(.ARM.Collect$$rtexit$$00000000) refers (Special) to rtexit2.o(.ARM.Collect$$rtexit$$00000004) for __rt_exit_exit
    rtexit.o(.ARM.Collect$$rtexit$$00000000) refers (Special) to rtexit2.o(.ARM.Collect$$rtexit$$00000003) for __rt_exit_ls
    rtexit.o(.ARM.Collect$$rtexit$$00000000) refers (Special) to rtexit2.o(.ARM.Collect$$rtexit$$00000002) for __rt_exit_prels_1
    rtexit.o(.ARM.exidx) refers (Special) to rtexit2.o(.ARM.Collect$$rtexit$$00000004) for __rt_exit_exit
    rtexit.o(.ARM.exidx) refers (Special) to rtexit2.o(.ARM.Collect$$rtexit$$00000003) for __rt_exit_ls
    rtexit.o(.ARM.exidx) refers (Special) to rtexit2.o(.ARM.Collect$$rtexit$$00000002) for __rt_exit_prels_1
    rtexit.o(.ARM.exidx) refers to rtexit.o(.ARM.Collect$$rtexit$$00000000) for .ARM.Collect$$rtexit$$00000000
    libinit2.o(.ARM.Collect$$libinit$$0000000C) refers to libinit2.o(.ARM.Collect$$libinit$$0000000B) for .ARM.Collect$$libinit$$0000000B
    libinit2.o(.ARM.Collect$$libinit$$0000000E) refers to libinit2.o(.ARM.Collect$$libinit$$0000000B) for .ARM.Collect$$libinit$$0000000B
    libinit2.o(.ARM.Collect$$libinit$$00000010) refers to libinit2.o(.ARM.Collect$$libinit$$0000000B) for .ARM.Collect$$libinit$$0000000B
    libinit2.o(.ARM.Collect$$libinit$$00000012) refers to libinit2.o(.ARM.Collect$$libinit$$0000000B) for .ARM.Collect$$libinit$$0000000B
    libinit2.o(.ARM.Collect$$libinit$$00000014) refers to libinit2.o(.ARM.Collect$$libinit$$0000000B) for .ARM.Collect$$libinit$$0000000B
    libinit2.o(.ARM.Collect$$libinit$$00000022) refers to argv_veneer.o(.emb_text) for __ARM_argv_veneer
    libinit2.o(.ARM.Collect$$libinit$$00000023) refers to argv_veneer.o(.emb_text) for __ARM_argv_veneer
    fpinit.o(x$fpl$fpinit) refers to rt_fp_status_addr_intlibspace.o(.text) for __rt_fp_status_addr
    rtexit2.o(.ARM.Collect$$rtexit$$00000003) refers to libshutdown.o(.ARM.Collect$$libshutdown$$00000000) for __rt_lib_shutdown
    rtexit2.o(.ARM.Collect$$rtexit$$00000004) refers to sys_exit.o(.text) for _sys_exit
    rtexit2.o(.ARM.exidx) refers to rtexit2.o(.ARM.Collect$$rtexit$$00000001) for .ARM.Collect$$rtexit$$00000001
    rtexit2.o(.ARM.exidx) refers to rtexit2.o(.ARM.Collect$$rtexit$$00000003) for .ARM.Collect$$rtexit$$00000003
    rtexit2.o(.ARM.exidx) refers to rtexit2.o(.ARM.Collect$$rtexit$$00000004) for .ARM.Collect$$rtexit$$00000004
    rt_fp_status_addr.o(.text) refers to rt_fp_status_addr.o(.bss) for __rt_fp_status_addr_data
    rt_fp_status_addr_intlibspace.o(.text) refers to libspace.o(.bss) for __libspace_start
    argv_veneer.o(.emb_text) refers to no_argv.o(.text) for __ARM_get_argv
    sys_exit.o(.text) refers (Special) to use_no_semi.o(.text) for __I$use$semihosting
    sys_exit.o(.text) refers (Special) to indicate_semi.o(.text) for __semihosting_library_function
    _get_argv_nomalloc.o(.text) refers (Special) to hrguard.o(.text) for __heap_region$guard
    _get_argv_nomalloc.o(.text) refers to defsig_rtmem_outer.o(.text) for __rt_SIGRTMEM
    _get_argv_nomalloc.o(.text) refers to sys_command.o(.text) for _sys_command_string
    libshutdown.o(.ARM.Collect$$libshutdown$$00000000) refers (Special) to libshutdown2.o(.ARM.Collect$$libshutdown$$00000006) for __rt_lib_shutdown_fp_trap_1
    libshutdown.o(.ARM.Collect$$libshutdown$$00000000) refers (Special) to libshutdown2.o(.ARM.Collect$$libshutdown$$0000000E) for __rt_lib_shutdown_heap_1
    libshutdown.o(.ARM.Collect$$libshutdown$$00000000) refers (Special) to libshutdown2.o(.ARM.Collect$$libshutdown$$0000000F) for __rt_lib_shutdown_return
    libshutdown.o(.ARM.Collect$$libshutdown$$00000000) refers (Special) to libshutdown2.o(.ARM.Collect$$libshutdown$$00000009) for __rt_lib_shutdown_signal_1
    libshutdown.o(.ARM.Collect$$libshutdown$$00000000) refers (Special) to libshutdown2.o(.ARM.Collect$$libshutdown$$00000003) for __rt_lib_shutdown_stdio_1
    libshutdown.o(.ARM.Collect$$libshutdown$$00000000) refers (Special) to libshutdown2.o(.ARM.Collect$$libshutdown$$0000000B) for __rt_lib_shutdown_user_alloc_1
    sys_command.o(.text) refers (Special) to use_no_semi.o(.text) for __I$use$semihosting
    sys_command.o(.text) refers (Special) to indicate_semi.o(.text) for __semihosting_library_function
    defsig_rtmem_outer.o(.text) refers to defsig_rtmem_inner.o(.text) for __rt_SIGRTMEM_inner
    defsig_rtmem_outer.o(.text) refers to defsig_exit.o(.text) for __sig_exit
    defsig_rtmem_formal.o(.text) refers to rt_raise.o(.text) for __rt_raise
    rt_raise.o(.text) refers to __raise.o(.text) for __raise
    rt_raise.o(.text) refers to sys_exit.o(.text) for _sys_exit
    defsig_exit.o(.text) refers to sys_exit.o(.text) for _sys_exit
    defsig_rtmem_inner.o(.text) refers to defsig_general.o(.text) for __default_signal_display
    __raise.o(.text) refers to __raise.o(i.__ARM_common_call_via_r2) for __ARM_common_call_via_r2
    __raise.o(.text) refers to defsig.o(CL$$defsig) for __default_signal_handler
    defsig_general.o(.text) refers to sys_wrch.o(.text) for _ttywrch
    sys_wrch.o(.text) refers (Special) to use_no_semi.o(.text) for __I$use$semihosting
    sys_wrch.o(.text) refers (Special) to indicate_semi.o(.text) for __semihosting_library_function
    defsig.o(CL$$defsig) refers to defsig_rtmem_inner.o(.text) for __rt_SIGRTMEM_inner
    defsig_abrt_inner.o(.text) refers to defsig_general.o(.text) for __default_signal_display
    defsig_fpe_inner.o(.text) refers to defsig_general.o(.text) for __default_signal_display
    defsig_rtred_inner.o(.text) refers to defsig_general.o(.text) for __default_signal_display
    defsig_stak_inner.o(.text) refers to defsig_general.o(.text) for __default_signal_display
    defsig_pvfn_inner.o(.text) refers to defsig_general.o(.text) for __default_signal_display
    defsig_cppl_inner.o(.text) refers to defsig_general.o(.text) for __default_signal_display
    defsig_segv_inner.o(.text) refers to defsig_general.o(.text) for __default_signal_display
    defsig_other.o(.text) refers to defsig_general.o(.text) for __default_signal_display


==============================================================================

Removing Unused input sections from the image.

    Removing lpc2400.o(RESET), (844 bytes).

1 unused section(s) (total 844 bytes) removed from the image.

==============================================================================

Memory Map of the image

  Image Entry point : 0x00000000

  Load Region LR_1 (Base: 0x00000000, Size: 0x00000e34, Max: 0xffffffff, ABSOLUTE)

    Execution Region ER_RO (Base: 0x00000000, Size: 0x00000e30, Max: 0xffffffff, ABSOLUTE)

    Base Addr    Size         Type   Attr      Idx    E Section Name        Object

    0x00000000   0x00000008   Code   RO          119  * !!!main             c_t.l(__main.o)
    0x00000008   0x00000006   Code   RO          165    .ARM.Collect$$libinit$$00000000  c_t.l(libinit.o)
    0x0000000e   0x00000000   Code   RO          173    .ARM.Collect$$libinit$$00000006  c_t.l(libinit2.o)
    0x0000000e   0x00000000   Code   RO          175    .ARM.Collect$$libinit$$00000008  c_t.l(libinit2.o)
    0x0000000e   0x00000000   Code   RO          177    .ARM.Collect$$libinit$$0000000A  c_t.l(libinit2.o)
    0x0000000e   0x00000000   Code   RO          180    .ARM.Collect$$libinit$$0000000D  c_t.l(libinit2.o)
    0x0000000e   0x00000000   Code   RO          182    .ARM.Collect$$libinit$$0000000F  c_t.l(libinit2.o)
    0x0000000e   0x00000000   Code   RO          184    .ARM.Collect$$libinit$$00000011  c_t.l(libinit2.o)
    0x0000000e   0x00000000   Code   RO          186    .ARM.Collect$$libinit$$00000013  c_t.l(libinit2.o)
    0x0000000e   0x00000000   Code   RO          188    .ARM.Collect$$libinit$$00000015  c_t.l(libinit2.o)
    0x0000000e   0x00000000   Code   RO          190    .ARM.Collect$$libinit$$00000017  c_t.l(libinit2.o)
    0x0000000e   0x00000000   Code   RO          192    .ARM.Collect$$libinit$$00000019  c_t.l(libinit2.o)
    0x0000000e   0x00000000   Code   RO          194    .ARM.Collect$$libinit$$0000001B  c_t.l(libinit2.o)
    0x0000000e   0x00000000   Code   RO          196    .ARM.Collect$$libinit$$0000001D  c_t.l(libinit2.o)
    0x0000000e   0x00000000   Code   RO          198    .ARM.Collect$$libinit$$0000001F  c_t.l(libinit2.o)
    0x0000000e   0x00000000   Code   RO          200    .ARM.Collect$$libinit$$00000021  c_t.l(libinit2.o)
    0x0000000e   0x00000000   Code   RO          204    .ARM.Collect$$libinit$$00000028  c_t.l(libinit2.o)
    0x0000000e   0x00000000   Code   RO          206    .ARM.Collect$$libinit$$0000002A  c_t.l(libinit2.o)
    0x0000000e   0x00000000   Code   RO          208    .ARM.Collect$$libinit$$0000002C  c_t.l(libinit2.o)
    0x0000000e   0x00000000   Code   RO          210    .ARM.Collect$$libinit$$0000002E  c_t.l(libinit2.o)
    0x0000000e   0x0000000c   Code   RO          211    .ARM.Collect$$libinit$$0000002F  c_t.l(libinit2.o)
    0x0000001a   0x00000004   Code   RO          236    .ARM.Collect$$libshutdown$$00000000  c_t.l(libshutdown.o)
    0x0000001e   0x00000000   Code   RO          250    .ARM.Collect$$libshutdown$$00000003  c_t.l(libshutdown2.o)
    0x0000001e   0x00000000   Code   RO          253    .ARM.Collect$$libshutdown$$00000006  c_t.l(libshutdown2.o)
    0x0000001e   0x00000000   Code   RO          256    .ARM.Collect$$libshutdown$$00000009  c_t.l(libshutdown2.o)
    0x0000001e   0x00000000   Code   RO          258    .ARM.Collect$$libshutdown$$0000000B  c_t.l(libshutdown2.o)
    0x0000001e   0x00000000   Code   RO          261    .ARM.Collect$$libshutdown$$0000000E  c_t.l(libshutdown2.o)
    0x0000001e   0x00000006   Code   RO          262    .ARM.Collect$$libshutdown$$0000000F  c_t.l(libshutdown2.o)
    0x00000024   0x00000000   Code   RO          133    .ARM.Collect$$rtentry$$00000000  c_t.l(rtentry.o)
    0x00000024   0x00000000   Code   RO          142    .ARM.Collect$$rtentry$$00000002  c_t.l(rtentry2.o)
    0x00000024   0x00000008   Code   RO          154    .ARM.Collect$$rtentry$$00000004  c_t.l(rtentry4.o)
    0x0000002c   0x00000000   Code   RO          144    .ARM.Collect$$rtentry$$00000009  c_t.l(rtentry2.o)
    0x0000002c   0x00000004   Code   RO          145    .ARM.Collect$$rtentry$$0000000A  c_t.l(rtentry2.o)
    0x00000030   0x00000000   Code   RO          147    .ARM.Collect$$rtentry$$0000000C  c_t.l(rtentry2.o)
    0x00000030   0x00000028   Code   RO          148    .ARM.Collect$$rtentry$$0000000D  c_t.l(rtentry2.o)
    0x00000058   0x00000004   Code   RO          169    .ARM.Collect$$rtexit$$00000000  c_t.l(rtexit.o)
    0x0000005c   0x00000000   Code   RO          215    .ARM.Collect$$rtexit$$00000002  c_t.l(rtexit2.o)
    0x0000005c   0x00000004   Code   RO          216    .ARM.Collect$$rtexit$$00000003  c_t.l(rtexit2.o)
    0x00000060   0x00000008   Code   RO          217    .ARM.Collect$$rtexit$$00000004  c_t.l(rtexit2.o)
    0x00000068   0x00000020   Code   RO            4    .text               lpc2400.o
    0x00000088   0x00000070   Code   RO           11    .text               master_controller.o
    0x000000f8   0x000001f0   Code   RO           52    .text               fixed_point_pid.o
    0x000002e8   0x000002a4   Code   RO           64    .text               motion_controller.o
    0x0000058c   0x000001d8   Code   RO           80    .text               system_init.o
    0x00000764   0x00000218   Code   RO           98    .text               system_timer.o
    0x0000097c   0x00000054   Code   RO          115    .text               c_t.l(rt_memclr_w.o)
    0x000009d0   0x00000006   Code   RO          117    .text               c_t.l(heapauxi.o)
    0x000009d6   0x00000002   PAD
    0x000009d8   0x00000060   Code   RO          156    .text               c_t.l(sys_stackheap_outer.o)
    0x00000a38   0x0000000c   Code   RO          158    .text               c_t.l(exit.o)
    0x00000a44   0x0000000c   Code   RO          166    .text               c_t.l(libspace.o)
    0x00000a50   0x0000000c   Code   RO          224    .text               c_t.l(rt_fp_status_addr_intlibspace.o)
    0x00000a5c   0x0000000c   Code   RO          228    .text               c_t.l(sys_exit.o)
    0x00000a68   0x00000004   Code   RO          239    .text               c_t.l(use_no_semi.o)
    0x00000a6c   0x00000000   Code   RO          241    .text               c_t.l(indicate_semi.o)
    0x00000a6c   0x0000001c   Code   RO          134    x$fpl$fcmpinf       fz_ts.l(fcmpi.o)
    0x00000a88   0x00000084   Code   RO          121    x$fpl$feqf          fz_ts.l(feqf.o)
    0x00000b0c   0x00000054   Code   RO          123    x$fpl$ffixu         fz_ts.l(ffixu.o)
    0x00000b60   0x00000084   Code   RO          127    x$fpl$fleqf         fz_ts.l(fleqf.o)
    0x00000be4   0x00000100   Code   RO          129    x$fpl$fmul          fz_ts.l(fmul.o)
    0x00000ce4   0x000000a8   Code   RO          136    x$fpl$fnaninf       fz_ts.l(fnaninf.o)
    0x00000d8c   0x00000018   Code   RO          212    x$fpl$fpinit        fz_ts.l(fpinit.o)
    0x00000da4   0x00000010   Code   RO          138    x$fpl$fretinf       fz_ts.l(fretinf.o)
    0x00000db4   0x0000007c   Code   RO          131    x$fpl$frleqf        fz_ts.l(frleqf.o)
    0x00000e30   0x00000000   Code   RO          140    x$fpl$usenofp       fz_ts.l(usenofp.o)
    0x00000e30   0x00000000   Data   RO          295    Region$$Table       anon$$obj.o


    Execution Region ER_RW (Base: 0x40000000, Size: 0x00000004, Max: 0xffffffff, ABSOLUTE)

    Base Addr    Size         Type   Attr      Idx    E Section Name        Object

    0x40000000   0x00000002   Data   RW           65    .data               motion_controller.o


    Execution Region ER_ZI (Base: 0x40000004, Size: 0x0000056c, Max: 0xffffffff, ABSOLUTE)

    Base Addr    Size         Type   Attr      Idx    E Section Name        Object

    0x40000004   0x00000060   Zero   RW          167    .bss                c_t.l(libspace.o)
    0x40000064   0x00000004   PAD
    0x40000068   0x00000000   Zero   RW            2    HEAP                lpc2400.o
    0x40000068   0x00000508   Zero   RW            1    STACK               lpc2400.o

